Initializing document watcher...
Document watcher initialized
rohithkalithkar/app.py: {"tabSize":4,"indentSize":4,"insertSpaces":true,"cursorStyle":1,"lineNumbers":1}
rohithkalithkar/app.py: Using EditorConfig core...
app.py: Target charset is not set
rohithkalithkar/app.py: {"tabSize":4,"indentSize":4,"insertSpaces":true,"cursorStyle":1,"lineNumbers":1}
rohithkalithkar/app.py: {"tabSize":4,"indentSize":4,"insertSpaces":true,"cursorStyle":1,"lineNumbers":1}
rohithkalithkar/app.py: {"tabSize":4,"indentSize":4,"insertSpaces":true,"cursorStyle":1,"lineNumbers":1}
rohithkalithkar/app.py: Using EditorConfig core...
rohithkalithkar/app.py: Using EditorConfig core...
app.py: Target charset is not set
rohithkalithkar/app.py: {"tabSize":4,"indentSize":4,"insertSpaces":true,"cursorStyle":1,"lineNumbers":1}
rohithkalithkar/app.py: {"tabSize":4,"indentSize":4,"insertSpaces":true,"cursorStyle":1,"lineNumbers":1}
rohithkalithkar/app.py: {"tabSize":4,"indentSize":4,"insertSpaces":true,"cursorStyle":1,"lineNumbers":1}
rohithkalithkar/requirements.txt: {"tabSize":4,"indentSize":4,"insertSpaces":true,"cursorStyle":1,"lineNumbers":1}
rohithkalithkar/requirements.txt: Using EditorConfig core...
requirements.txt: Target charset is not set
rohithkalithkar/requirements.txt: {"tabSize":4,"indentSize":4,"insertSpaces":true,"cursorStyle":1,"lineNumbers":1}
rohithkalithkar/requirements.txt: {"tabSize":4,"indentSize":4,"insertSpaces":true,"cursorStyle":1,"lineNumbers":1}
rohithkalithkar/requirements.txt: {"tabSize":4,"indentSize":4,"insertSpaces":true,"cursorStyle":1,"lineNumbers":1}
rohithkalithkar/app.py: {"tabSize":4,"indentSize":4,"insertSpaces":true,"cursorStyle":1,"lineNumbers":1}
rohithkalithkar/app.py: Using EditorConfig core...
app.py: Target charset is not set
rohithkalithkar/app.py: {"tabSize":4,"indentSize":4,"insertSpaces":true,"cursorStyle":1,"lineNumbers":1}
rohithkalithkar/app.py: Using EditorConfig core...
rohithkalithkar/app.py: Using EditorConfig core...
app.py: Target charset is not set
rohithkalithkar/app.py: Using EditorConfig core...
rohithkalithkar/app.py: Using EditorConfig core...
app.py: Target charset is not set
rohithkalithkar/app.py: {"tabSize":4,"indentSize":4,"insertSpaces":true,"cursorStyle":1,"lineNumbers":1}
rohithkalithkar/app.py: {"tabSize":4,"indentSize":4,"insertSpaces":true,"cursorStyle":1,"lineNumbers":1}
rohithkalithkar/app.py: {"tabSize":4,"indentSize":4,"insertSpaces":true,"cursorStyle":1,"lineNumbers":1}
rohithkalithkar/app.py: Using EditorConfig core...
rohithkalithkar/app.py: Using EditorConfig core...
app.py: Target charset is not set
rohithkalithkar/app.py: {"tabSize":4,"indentSize":4,"insertSpaces":true,"cursorStyle":1,"lineNumbers":1}
rohithkalithkar/app.py: {"tabSize":4,"indentSize":4,"insertSpaces":true,"cursorStyle":1,"lineNumbers":1}
rohithkalithkar/app.py: Using EditorConfig core...
rohithkalithkar/app.py: Using EditorConfig core...
app.py: Target charset is not set
rohithkalithkar/app.py: {"tabSize":4,"indentSize":4,"insertSpaces":true,"cursorStyle":1,"lineNumbers":1}
rohithkalithkar/app.py: {"tabSize":4,"indentSize":4,"insertSpaces":true,"cursorStyle":1,"lineNumbers":1}
rohithkalithkar/app.py: {"tabSize":4,"indentSize":4,"insertSpaces":true,"cursorStyle":1,"lineNumbers":1}
rohithkalithkar/templates/index.html: {"tabSize":4,"indentSize":4,"insertSpaces":true,"cursorStyle":1,"lineNumbers":1}
rohithkalithkar/templates/index.html: Using EditorConfig core...
templates/index.html: Target charset is not set
rohithkalithkar/templates/index.html: {"tabSize":4,"indentSize":4,"insertSpaces":true,"cursorStyle":1,"lineNumbers":1}
rohithkalithkar/templates/index.html: {"tabSize":4,"indentSize":4,"insertSpaces":true,"cursorStyle":1,"lineNumbers":1}
rohithkalithkar/templates/index.html: Using EditorConfig core...
rohithkalithkar/templates/index.html: Using EditorConfig core...
templates/index.html: Target charset is not set
rohithkalithkar/templates/index.html: {"tabSize":4,"indentSize":4,"insertSpaces":true,"cursorStyle":1,"lineNumbers":1}
rohithkalithkar/templates/index.html: {"tabSize":4,"indentSize":4,"insertSpaces":true,"cursorStyle":1,"lineNumbers":1}
rohithkalithkar/templates/index.html: {"tabSize":4,"indentSize":4,"insertSpaces":true,"cursorStyle":1,"lineNumbers":1}
rohithkalithkar/templates/index.html: {"tabSize":4,"indentSize":4,"insertSpaces":true,"cursorStyle":1,"lineNumbers":1}
rohithkalithkar/app.py: {"tabSize":4,"indentSize":4,"insertSpaces":true,"cursorStyle":1,"lineNumbers":1}
rohithkalithkar/app.py: Using EditorConfig core...
app.py: Target charset is not set
rohithkalithkar/app.py: Using EditorConfig core...
rohithkalithkar/app.py: Using EditorConfig core...
app.py: Target charset is not set
rohithkalithkar/app.py: {"tabSize":4,"indentSize":4,"insertSpaces":true,"cursorStyle":1,"lineNumbers":1}
rohithkalithkar/templates/index.html: {"tabSize":4,"indentSize":4,"insertSpaces":true,"cursorStyle":1,"lineNumbers":1}
rohithkalithkar/templates/index.html: Using EditorConfig core...
templates/index.html: Target charset is not set
rohithkalithkar/templates/sport.html: {"tabSize":4,"indentSize":4,"insertSpaces":true,"cursorStyle":1,"lineNumbers":1}
rohithkalithkar/templates/sport.html: Using EditorConfig core...
templates/sport.html: Target charset is not set
rohithkalithkar/templates/sport.html: Using EditorConfig core...
rohithkalithkar/templates/sport.html: Using EditorConfig core...
templates/sport.html: Target charset is not set
rohithkalithkar/templates/sport.html: Using EditorConfig core...
rohithkalithkar/templates/sport.html: Using EditorConfig core...
templates/sport.html: Target charset is not set
rohithkalithkar/templates/sport.html: {"tabSize":4,"indentSize":4,"insertSpaces":true,"cursorStyle":1,"lineNumbers":1}
rohithkalithkar/templates/sport.html: {"tabSize":4,"indentSize":4,"insertSpaces":true,"cursorStyle":1,"lineNumbers":1}
rohithkalithkar/templates/sport.html: {"tabSize":4,"indentSize":4,"insertSpaces":true,"cursorStyle":1,"lineNumbers":1}
rohithkalithkar/app.py: {"tabSize":4,"indentSize":4,"insertSpaces":true,"cursorStyle":1,"lineNumbers":1}
rohithkalithkar/app.py: Using EditorConfig core...
app.py: Target charset is not set
rohithkalithkar/templates/sport.html: {"tabSize":4,"indentSize":4,"insertSpaces":true,"cursorStyle":1,"lineNumbers":1}
rohithkalithkar/templates/sport.html: Using EditorConfig core...
templates/sport.html: Target charset is not set
rohithkalithkar/templates/index.html: {"tabSize":4,"indentSize":4,"insertSpaces":true,"cursorStyle":1,"lineNumbers":1}
rohithkalithkar/templates/index.html: Using EditorConfig core...
templates/index.html: Target charset is not set
rohithkalithkar/templates/admin.html: {"tabSize":4,"indentSize":4,"insertSpaces":true,"cursorStyle":1,"lineNumbers":1}
rohithkalithkar/templates/admin.html: Using EditorConfig core...
templates/admin.html: Target charset is not set
rohithkalithkar/templates/sport.html: {"tabSize":4,"indentSize":4,"insertSpaces":true,"cursorStyle":1,"lineNumbers":1}
rohithkalithkar/templates/sport.html: Using EditorConfig core...
templates/sport.html: Target charset is not set
rohithkalithkar/templates/sport.html: {"tabSize":4,"indentSize":4,"insertSpaces":true,"cursorStyle":1,"lineNumbers":1}
rohithkalithkar/app.py: {"tabSize":4,"indentSize":4,"insertSpaces":true,"cursorStyle":1,"lineNumbers":1}
rohithkalithkar/app.py: Using EditorConfig core...
app.py: Target charset is not set
rohithkalithkar/app.py: Using EditorConfig core...
rohithkalithkar/app.py: Using EditorConfig core...
app.py: Target charset is not set
rohithkalithkar/app.py: {"tabSize":4,"indentSize":4,"insertSpaces":true,"cursorStyle":1,"lineNumbers":1}
rohithkalithkar/static/style.css: {"tabSize":4,"indentSize":4,"insertSpaces":true,"cursorStyle":1,"lineNumbers":1}
rohithkalithkar/static/style.css: Using EditorConfig core...
static/style.css: Target charset is not set
rohithkalithkar/static/style.css: Using EditorConfig core...
rohithkalithkar/static/style.css: Using EditorConfig core...
static/style.css: Target charset is not set
rohithkalithkar/static/style.css: {"tabSize":4,"indentSize":4,"insertSpaces":true,"cursorStyle":1,"lineNumbers":1}
rohithkalithkar/templates/admin.html: {"tabSize":4,"indentSize":4,"insertSpaces":true,"cursorStyle":1,"lineNumbers":1}
rohithkalithkar/templates/admin.html: Using EditorConfig core...
templates/admin.html: Target charset is not set
rohithkalithkar/templates/admin.html: Using EditorConfig core...
rohithkalithkar/templates/admin.html: Using EditorConfig core...
templates/admin.html: Target charset is not set
rohithkalithkar/templates/admin.html: {"tabSize":4,"indentSize":4,"insertSpaces":true,"cursorStyle":1,"lineNumbers":1}
rohithkalithkar/templates/index.html: {"tabSize":4,"indentSize":4,"insertSpaces":true,"cursorStyle":1,"lineNumbers":1}
rohithkalithkar/templates/index.html: Using EditorConfig core...
templates/index.html: Target charset is not set
rohithkalithkar/templates/index.html: Using EditorConfig core...
rohithkalithkar/templates/index.html: Using EditorConfig core...
templates/index.html: Target charset is not set
