2026-08-16 12:49:40.816 [info] [main] Log level: Info
2026-08-16 12:49:40.816 [info] [main] Validating found git in: "git"
2026-08-16 12:49:40.816 [info] [main] Using git "2.43.0" from "git"
2026-08-16 12:49:40.816 [info] [Model][doInitialScan] Initial repository scan started
2026-08-16 12:49:40.816 [info] > git rev-parse --show-toplevel [12ms]
2026-08-16 12:49:40.816 [info] > git rev-parse --git-dir --git-common-dir --show-superproject-working-tree [27ms]
2026-08-16 12:49:40.971 [info] [Model][openRepository] Opened repository (path): /home/rohithkalithkar
2026-08-16 12:49:40.972 [info] [Model][openRepository] Opened repository (real path): /home/rohithkalithkar
2026-08-16 12:49:40.972 [info] [Model][openRepository] Opened repository (kind): repository
2026-08-16 12:49:41.023 [info] > git config --get commit.template [14ms]
2026-08-16 12:49:41.024 [info] > git config --get --local core.virtualfilesystem [34ms]
2026-08-16 12:49:41.025 [warning] [Git][config] git config failed: Failed to execute git
2026-08-16 12:49:41.027 [info] > git rev-parse --show-toplevel [9ms]
2026-08-16 12:49:41.041 [info] [Git][getRemotes] No remotes found in the git config file
2026-08-16 12:49:41.056 [info] > git for-each-ref --format=%(refname)%00%(upstream:short)%00%(objectname)%00%(upstream:track)%00%(upstream:remotename)%00%(upstream:remoteref) refs/heads/master refs/remotes/master [16ms]
2026-08-16 12:49:41.058 [warning] [Git][getBranch] No such branch: master
2026-08-16 12:49:41.082 [info] > git rev-parse --show-toplevel [29ms]
2026-08-16 12:49:41.095 [info] > git for-each-ref --sort -committerdate --format %(refname)%00%(objectname)%00%(*objectname) [19ms]
2026-08-16 12:49:41.109 [info] > git rev-parse --show-toplevel [15ms]
2026-08-16 12:49:41.126 [info] > git rev-parse --show-toplevel [6ms]
2026-08-16 12:49:41.144 [info] > git rev-parse --show-toplevel [5ms]
2026-08-16 12:49:41.161 [info] > git rev-parse --show-toplevel [7ms]
2026-08-16 12:49:41.195 [info] > git rev-parse --show-toplevel [21ms]
2026-08-16 12:49:41.214 [info] > git rev-parse --show-toplevel [7ms]
2026-08-16 12:49:41.232 [info] > git rev-parse --show-toplevel [8ms]
2026-08-16 12:49:41.247 [info] > git rev-parse --show-toplevel [5ms]
2026-08-16 12:49:41.251 [info] [Model][doInitialScan] Initial repository scan completed - repositories (1), closed repositories (0), parent repositories (0), unsafe repositories (0)
2026-08-16 12:49:41.260 [info] > git status -z -uall [195ms]
