2026-08-16 12:57:47.901 [info] [main] Log level: Info
2026-08-16 12:57:47.902 [info] [main] Validating found git in: "git"
2026-08-16 12:57:47.902 [info] [main] Using git "2.43.0" from "git"
2026-08-16 12:57:47.902 [info] [Model][doInitialScan] Initial repository scan started
2026-08-16 12:57:47.902 [info] > git rev-parse --show-toplevel [4ms]
2026-08-16 12:57:47.902 [info] > git rev-parse --git-dir --git-common-dir --show-superproject-working-tree [7ms]
2026-08-16 12:57:47.974 [info] [Model][openRepository] Opened repository (path): /home/rohithkalithkar
2026-08-16 12:57:47.975 [info] [Model][openRepository] Opened repository (real path): /home/rohithkalithkar
2026-08-16 12:57:47.975 [info] [Model][openRepository] Opened repository (kind): repository
2026-08-16 12:57:48.001 [info] > git config --get commit.template [8ms]
2026-08-16 12:57:48.001 [info] > git config --get --local core.virtualfilesystem [19ms]
2026-08-16 12:57:48.002 [warning] [Git][config] git config failed: Failed to execute git
2026-08-16 12:57:48.004 [info] > git rev-parse --show-toplevel [8ms]
2026-08-16 12:57:48.018 [info] > git for-each-ref --format=%(refname)%00%(upstream:short)%00%(objectname)%00%(upstream:track)%00%(upstream:remotename)%00%(upstream:remoteref) refs/heads/main refs/remotes/main [7ms]
2026-08-16 12:57:48.050 [info] > git for-each-ref --sort -committerdate --format %(refname)%00%(objectname)%00%(*objectname) [8ms]
2026-08-16 12:57:48.057 [info] > git rev-parse --show-toplevel [35ms]
2026-08-16 12:57:48.072 [info] > git rev-parse --show-toplevel [5ms]
2026-08-16 12:57:48.083 [info] > git rev-parse --show-toplevel [3ms]
2026-08-16 12:57:48.096 [info] > git rev-parse --show-toplevel [2ms]
2026-08-16 12:57:48.118 [info] > git rev-parse --show-toplevel [7ms]
2026-08-16 12:57:48.141 [info] > git rev-parse --show-toplevel [8ms]
2026-08-16 12:57:48.154 [info] > git rev-parse --show-toplevel [4ms]
2026-08-16 12:57:48.168 [info] > git rev-parse --show-toplevel [3ms]
2026-08-16 12:57:48.195 [info] > git status -z -uall [168ms]
2026-08-16 12:57:48.236 [info] > git rev-parse --show-toplevel [60ms]
2026-08-16 12:57:48.237 [info] [Model][doInitialScan] Initial repository scan completed - repositories (1), closed repositories (0), parent repositories (0), unsafe repositories (0)
2026-08-16 12:57:48.246 [info] > git for-each-ref --format=%(refname)%00%(upstream:short)%00%(objectname)%00%(upstream:track)%00%(upstream:remotename)%00%(upstream:remoteref) refs/heads/main refs/remotes/main [15ms]
2026-08-16 12:57:48.262 [info] > git config --get commit.template [16ms]
2026-08-16 12:57:48.263 [info] > git config --get --local branch.main.vscode-merge-base [6ms]
2026-08-16 12:57:48.263 [warning] [Git][config] git config failed: Failed to execute git
2026-08-16 12:57:48.286 [info] > git reflog main --grep-reflog=branch: Created from *. [13ms]
2026-08-16 12:57:48.343 [info] > git symbolic-ref --short refs/remotes/origin/HEAD [41ms]
2026-08-16 12:57:48.343 [info] fatal: ref refs/remotes/origin/HEAD is not a symbolic ref
2026-08-16 12:57:48.343 [warning] [Repository][getDefaultBranch] Failed to get default branch details: Failed to execute git.
2026-08-16 12:57:48.345 [info] > git for-each-ref --format=%(refname)%00%(upstream:short)%00%(objectname)%00%(upstream:track)%00%(upstream:remotename)%00%(upstream:remoteref) refs/heads/main refs/remotes/main [63ms]
2026-08-16 12:57:48.370 [info] > git for-each-ref --sort -committerdate --format %(refname)%00%(objectname)%00%(*objectname) [5ms]
2026-08-16 12:57:48.428 [info] > git status -z -uall [77ms]
2026-08-16 12:57:48.628 [info] > git check-ignore -v -z --stdin [7ms]
2026-08-16 12:57:48.648 [info] > git check-ignore -v -z --stdin [5ms]
2026-08-16 12:57:48.999 [info] > git show --textconv :app.py [26ms]
2026-08-16 12:57:49.002 [info] > git ls-files --stage -- app.py [13ms]
2026-08-16 12:57:49.018 [info] > git cat-file -s bf902c950ece56f6e865efa8ad78ab88f5a7bb6b [7ms]
2026-08-16 12:57:54.933 [info] > git check-ignore -v -z --stdin [1317ms]
2026-08-16 12:58:01.200 [info] > git blame --root --incremental 04282834d091319464cd2aba514ef269c5caa414 -- app.py [3423ms]
2026-08-16 13:03:42.752 [info] > git config --get commit.template [8ms]
2026-08-16 13:03:42.769 [info] [Git][getRemotes] No remotes found in the git config file
2026-08-16 13:03:42.771 [info] > git for-each-ref --format=%(refname)%00%(upstream:short)%00%(objectname)%00%(upstream:track)%00%(upstream:remotename)%00%(upstream:remoteref) refs/heads/main refs/remotes/main [3ms]
2026-08-16 13:03:42.840 [info] > git for-each-ref --sort -committerdate --format %(refname)%00%(objectname)%00%(*objectname) [32ms]
2026-08-16 13:03:42.842 [info] > git ls-files --stage -- app.py [8ms]
2026-08-16 13:03:42.867 [info] > git cat-file -s 711bba60171d68750f2a8143282aaa9dade0dc3f [5ms]
2026-08-16 13:03:42.899 [info] > git status -z -uall [112ms]
2026-08-16 13:03:43.037 [info] > git blame --root --incremental e1194bc1d8af5f3fdb313a9f538893ff1c0e14fc -- app.py [24ms]
2026-08-16 13:03:43.602 [info] > git show --textconv :app.py [566ms]
2026-08-16 13:03:48.044 [info] > git config --get commit.template [13ms]
2026-08-16 13:03:48.044 [info] [Git][getRemotes] No remotes found in the git config file
2026-08-16 13:03:48.045 [info] > git for-each-ref --format=%(refname)%00%(upstream:short)%00%(objectname)%00%(upstream:track)%00%(upstream:remotename)%00%(upstream:remoteref) refs/heads/main refs/remotes/main [3ms]
2026-08-16 13:03:48.074 [info] > git for-each-ref --sort -committerdate --format %(refname)%00%(objectname)%00%(*objectname) [2ms]
2026-08-16 13:03:48.137 [info] > git status -z -uall [81ms]
2026-08-16 13:03:54.636 [info] > git check-ignore -v -z --stdin [2ms]
2026-08-16 13:03:54.875 [info] > git check-ignore -v -z --stdin [2ms]
2026-08-16 13:04:07.648 [info] [Git][getRemotes] No remotes found in the git config file
2026-08-16 13:04:07.649 [info] > git config --get commit.template [13ms]
2026-08-16 13:04:07.651 [info] > git for-each-ref --format=%(refname)%00%(upstream:short)%00%(objectname)%00%(upstream:track)%00%(upstream:remotename)%00%(upstream:remoteref) refs/heads/main refs/remotes/main [4ms]
2026-08-16 13:04:07.681 [info] > git for-each-ref --sort -committerdate --format %(refname)%00%(objectname)%00%(*objectname) [4ms]
2026-08-16 13:04:07.747 [info] > git status -z -uall [86ms]
2026-08-16 13:04:10.458 [info] > git check-ignore -v -z --stdin [3ms]
2026-08-16 13:04:10.685 [info] > git check-ignore -v -z --stdin [4ms]
2026-08-16 13:04:12.826 [info] [Git][getRemotes] No remotes found in the git config file
2026-08-16 13:04:12.827 [info] > git config --get commit.template [15ms]
2026-08-16 13:04:12.829 [info] > git for-each-ref --format=%(refname)%00%(upstream:short)%00%(objectname)%00%(upstream:track)%00%(upstream:remotename)%00%(upstream:remoteref) refs/heads/main refs/remotes/main [4ms]
2026-08-16 13:04:12.861 [info] > git for-each-ref --sort -committerdate --format %(refname)%00%(objectname)%00%(*objectname) [3ms]
2026-08-16 13:04:12.919 [info] > git status -z -uall [78ms]
2026-08-16 13:04:15.087 [info] > git check-ignore -v -z --stdin [2ms]
2026-08-16 13:04:17.963 [info] > git config --get commit.template [4ms]
2026-08-16 13:04:17.975 [info] [Git][getRemotes] No remotes found in the git config file
2026-08-16 13:04:17.977 [info] > git for-each-ref --format=%(refname)%00%(upstream:short)%00%(objectname)%00%(upstream:track)%00%(upstream:remotename)%00%(upstream:remoteref) refs/heads/main refs/remotes/main [3ms]
2026-08-16 13:04:18.010 [info] > git for-each-ref --sort -committerdate --format %(refname)%00%(objectname)%00%(*objectname) [4ms]
2026-08-16 13:04:18.065 [info] > git status -z -uall [77ms]
2026-08-16 13:04:19.955 [info] > git check-ignore -v -z --stdin [3ms]
2026-08-16 13:09:10.757 [info] [Git][getRemotes] No remotes found in the git config file
2026-08-16 13:09:10.758 [info] > git config --get commit.template [13ms]
2026-08-16 13:09:10.759 [info] > git for-each-ref --format=%(refname)%00%(upstream:short)%00%(objectname)%00%(upstream:track)%00%(upstream:remotename)%00%(upstream:remoteref) refs/heads/main refs/remotes/main [3ms]
2026-08-16 13:09:10.812 [info] > git for-each-ref --sort -committerdate --format %(refname)%00%(objectname)%00%(*objectname) [26ms]
2026-08-16 13:09:10.815 [info] > git ls-files --stage -- app.py [4ms]
2026-08-16 13:09:10.835 [info] > git cat-file -s e69de29bb2d1d6434b8b29ae775ad8c2e48c5391 [3ms]
2026-08-16 13:09:10.868 [info] > git status -z -uall [99ms]
2026-08-16 13:09:10.934 [info] > git show --textconv :app.py [3ms]
2026-08-16 13:09:12.258 [info] > git check-ignore -v -z --stdin [2ms]
2026-08-16 13:09:12.506 [info] > git check-ignore -v -z --stdin [5ms]
2026-08-16 13:09:15.948 [info] [Git][getRemotes] No remotes found in the git config file
2026-08-16 13:09:15.949 [info] > git config --get commit.template [17ms]
2026-08-16 13:09:15.950 [info] > git for-each-ref --format=%(refname)%00%(upstream:short)%00%(objectname)%00%(upstream:track)%00%(upstream:remotename)%00%(upstream:remoteref) refs/heads/main refs/remotes/main [3ms]
2026-08-16 13:09:15.987 [info] > git for-each-ref --sort -committerdate --format %(refname)%00%(objectname)%00%(*objectname) [4ms]
2026-08-16 13:09:16.044 [info] > git status -z -uall [80ms]
2026-08-16 13:09:17.529 [info] > git check-ignore -v -z --stdin [3ms]
2026-08-16 13:09:18.988 [info] > git check-ignore -v -z --stdin [3ms]
2026-08-16 13:09:21.113 [info] [Git][getRemotes] No remotes found in the git config file
2026-08-16 13:09:21.115 [info] > git config --get commit.template [16ms]
2026-08-16 13:09:21.116 [info] > git for-each-ref --format=%(refname)%00%(upstream:short)%00%(objectname)%00%(upstream:track)%00%(upstream:remotename)%00%(upstream:remoteref) refs/heads/main refs/remotes/main [4ms]
2026-08-16 13:09:21.151 [info] > git for-each-ref --sort -committerdate --format %(refname)%00%(objectname)%00%(*objectname) [3ms]
2026-08-16 13:09:21.210 [info] > git status -z -uall [81ms]
2026-08-16 13:09:22.763 [info] > git check-ignore -v -z --stdin [2ms]
2026-08-16 13:09:26.274 [info] [Git][getRemotes] No remotes found in the git config file
2026-08-16 13:09:26.275 [info] > git config --get commit.template [3ms]
2026-08-16 13:09:26.292 [info] > git for-each-ref --format=%(refname)%00%(upstream:short)%00%(objectname)%00%(upstream:track)%00%(upstream:remotename)%00%(upstream:remoteref) refs/heads/main refs/remotes/main [2ms]
2026-08-16 13:09:26.329 [info] > git for-each-ref --sort -committerdate --format %(refname)%00%(objectname)%00%(*objectname) [4ms]
2026-08-16 13:09:26.382 [info] > git status -z -uall [78ms]
2026-08-16 13:09:28.071 [info] > git check-ignore -v -z --stdin [5ms]
2026-08-16 13:09:32.993 [info] > git config --get commit.template [2ms]
2026-08-16 13:09:33.003 [info] [Git][getRemotes] No remotes found in the git config file
2026-08-16 13:09:33.005 [info] > git for-each-ref --format=%(refname)%00%(upstream:short)%00%(objectname)%00%(upstream:track)%00%(upstream:remotename)%00%(upstream:remoteref) refs/heads/main refs/remotes/main [2ms]
2026-08-16 13:09:33.039 [info] > git for-each-ref --sort -committerdate --format %(refname)%00%(objectname)%00%(*objectname) [6ms]
2026-08-16 13:09:33.096 [info] > git status -z -uall [80ms]
2026-08-16 13:09:34.494 [info] > git check-ignore -v -z --stdin [3ms]
2026-08-16 13:09:34.580 [info] > git show --textconv :requirements.txt [13ms]
2026-08-16 13:09:34.581 [info] > git ls-files --stage -- requirements.txt [2ms]
2026-08-16 13:09:34.594 [info] > git cat-file -s 06de6d080daf483fcf53c827c17d0eb78a18280c [2ms]
2026-08-16 13:09:34.760 [info] > git check-ignore -v -z --stdin [2ms]
2026-08-16 13:09:38.160 [info] [Git][getRemotes] No remotes found in the git config file
2026-08-16 13:09:38.161 [info] > git config --get commit.template [16ms]
2026-08-16 13:09:38.163 [info] > git for-each-ref --format=%(refname)%00%(upstream:short)%00%(objectname)%00%(upstream:track)%00%(upstream:remotename)%00%(upstream:remoteref) refs/heads/main refs/remotes/main [4ms]
2026-08-16 13:09:38.199 [info] > git for-each-ref --sort -committerdate --format %(refname)%00%(objectname)%00%(*objectname) [5ms]
2026-08-16 13:09:38.254 [info] > git status -z -uall [79ms]
2026-08-16 13:09:39.801 [info] > git check-ignore -v -z --stdin [3ms]
2026-08-16 13:09:43.297 [info] > git config --get commit.template [3ms]
2026-08-16 13:09:43.310 [info] [Git][getRemotes] No remotes found in the git config file
2026-08-16 13:09:43.313 [info] > git for-each-ref --format=%(refname)%00%(upstream:short)%00%(objectname)%00%(upstream:track)%00%(upstream:remotename)%00%(upstream:remoteref) refs/heads/main refs/remotes/main [3ms]
2026-08-16 13:09:43.348 [info] > git for-each-ref --sort -committerdate --format %(refname)%00%(objectname)%00%(*objectname) [4ms]
2026-08-16 13:09:43.402 [info] > git status -z -uall [77ms]
2026-08-16 13:09:44.931 [info] > git check-ignore -v -z --stdin [2ms]
2026-08-16 13:09:48.462 [info] [Git][getRemotes] No remotes found in the git config file
2026-08-16 13:09:48.463 [info] > git config --get commit.template [17ms]
2026-08-16 13:09:48.464 [info] > git for-each-ref --format=%(refname)%00%(upstream:short)%00%(objectname)%00%(upstream:track)%00%(upstream:remotename)%00%(upstream:remoteref) refs/heads/main refs/remotes/main [3ms]
2026-08-16 13:09:48.499 [info] > git for-each-ref --sort -committerdate --format %(refname)%00%(objectname)%00%(*objectname) [4ms]
2026-08-16 13:09:48.553 [info] > git status -z -uall [77ms]
2026-08-16 13:09:50.033 [info] > git check-ignore -v -z --stdin [3ms]
2026-08-16 13:09:53.605 [info] [Git][getRemotes] No remotes found in the git config file
2026-08-16 13:09:53.606 [info] > git config --get commit.template [13ms]
2026-08-16 13:09:53.607 [info] > git for-each-ref --format=%(refname)%00%(upstream:short)%00%(objectname)%00%(upstream:track)%00%(upstream:remotename)%00%(upstream:remoteref) refs/heads/main refs/remotes/main [3ms]
2026-08-16 13:09:53.638 [info] > git for-each-ref --sort -committerdate --format %(refname)%00%(objectname)%00%(*objectname) [2ms]
2026-08-16 13:09:53.695 [info] > git status -z -uall [78ms]
2026-08-16 13:09:55.284 [info] > git check-ignore -v -z --stdin [2ms]
2026-08-16 13:10:42.605 [info] > git config --get commit.template [3ms]
2026-08-16 13:10:42.617 [info] [Git][getRemotes] No remotes found in the git config file
2026-08-16 13:10:42.620 [info] > git for-each-ref --format=%(refname)%00%(upstream:short)%00%(objectname)%00%(upstream:track)%00%(upstream:remotename)%00%(upstream:remoteref) refs/heads/main refs/remotes/main [2ms]
2026-08-16 13:10:42.656 [info] > git for-each-ref --sort -committerdate --format %(refname)%00%(objectname)%00%(*objectname) [5ms]
2026-08-16 13:10:42.712 [info] > git status -z -uall [80ms]
2026-08-16 13:10:44.141 [info] > git check-ignore -v -z --stdin [2ms]
2026-08-16 13:12:21.004 [info] > git check-ignore -v -z --stdin [15ms]
2026-08-16 13:12:21.480 [info] > git blame --root --incremental 6d6a8a0da6bb1c8646a340652aa87ab4556c58fe -- requirements.txt [6ms]
2026-08-16 13:15:35.021 [info] [Git][getRemotes] No remotes found in the git config file
2026-08-16 13:15:35.023 [info] > git config --get commit.template [24ms]
2026-08-16 13:15:35.024 [info] > git for-each-ref --format=%(refname)%00%(upstream:short)%00%(objectname)%00%(upstream:track)%00%(upstream:remotename)%00%(upstream:remoteref) refs/heads/main refs/remotes/main [3ms]
2026-08-16 13:15:35.082 [info] > git for-each-ref --sort -committerdate --format %(refname)%00%(objectname)%00%(*objectname) [25ms]
2026-08-16 13:15:35.088 [info] > git ls-files --stage -- requirements.txt [8ms]
2026-08-16 13:15:35.110 [info] > git cat-file -s cef5a165b5ee768c7a1cb5201dd08d103ff34126 [2ms]
2026-08-16 13:15:35.152 [info] > git status -z -uall [115ms]
2026-08-16 13:15:35.224 [info] > git blame --root --incremental f1909345c2c3f2a2d42357ac16cb2f89de093909 -- requirements.txt [19ms]
2026-08-16 13:15:35.226 [info] > git show --textconv :requirements.txt [5ms]
2026-08-16 13:15:36.356 [info] > git check-ignore -v -z --stdin [58ms]
2026-08-16 13:15:36.541 [info] > git check-ignore -v -z --stdin [3ms]
2026-08-16 13:15:40.221 [info] > git config --get commit.template [3ms]
2026-08-16 13:15:40.233 [info] [Git][getRemotes] No remotes found in the git config file
2026-08-16 13:15:40.235 [info] > git for-each-ref --format=%(refname)%00%(upstream:short)%00%(objectname)%00%(upstream:track)%00%(upstream:remotename)%00%(upstream:remoteref) refs/heads/main refs/remotes/main [3ms]
2026-08-16 13:15:40.269 [info] > git for-each-ref --sort -committerdate --format %(refname)%00%(objectname)%00%(*objectname) [5ms]
2026-08-16 13:15:40.326 [info] > git status -z -uall [78ms]
2026-08-16 13:15:41.602 [info] > git check-ignore -v -z --stdin [3ms]
2026-08-16 13:15:41.699 [info] > git show --textconv :app.py [14ms]
2026-08-16 13:15:41.702 [info] > git ls-files --stage -- app.py [3ms]
2026-08-16 13:15:41.718 [info] > git cat-file -s e69de29bb2d1d6434b8b29ae775ad8c2e48c5391 [3ms]
2026-08-16 13:15:41.866 [info] > git check-ignore -v -z --stdin [3ms]
2026-08-16 13:15:45.398 [info] [Git][getRemotes] No remotes found in the git config file
2026-08-16 13:15:45.400 [info] > git config --get commit.template [17ms]
2026-08-16 13:15:45.401 [info] > git for-each-ref --format=%(refname)%00%(upstream:short)%00%(objectname)%00%(upstream:track)%00%(upstream:remotename)%00%(upstream:remoteref) refs/heads/main refs/remotes/main [3ms]
2026-08-16 13:15:45.439 [info] > git for-each-ref --sort -committerdate --format %(refname)%00%(objectname)%00%(*objectname) [5ms]
2026-08-16 13:15:45.496 [info] > git status -z -uall [81ms]
2026-08-16 13:15:46.870 [info] > git check-ignore -v -z --stdin [3ms]
2026-08-16 13:15:48.072 [info] > git check-ignore -v -z --stdin [4ms]
2026-08-16 13:15:48.159 [info] > git blame --root --incremental f1909345c2c3f2a2d42357ac16cb2f89de093909 -- app.py [4ms]
2026-08-16 13:15:48.840 [info] > git check-ignore -v -z --stdin [3ms]
2026-08-16 13:15:50.051 [info] > git check-ignore -v -z --stdin [4ms]
2026-08-16 13:15:50.535 [info] > git check-ignore -v -z --stdin [3ms]
2026-08-16 13:15:56.406 [info] > git config --get commit.template [11ms]
2026-08-16 13:15:56.417 [info] [Git][getRemotes] No remotes found in the git config file
2026-08-16 13:15:56.419 [info] > git for-each-ref --format=%(refname)%00%(upstream:short)%00%(objectname)%00%(upstream:track)%00%(upstream:remotename)%00%(upstream:remoteref) refs/heads/main refs/remotes/main [3ms]
2026-08-16 13:15:56.455 [info] > git for-each-ref --sort -committerdate --format %(refname)%00%(objectname)%00%(*objectname) [5ms]
2026-08-16 13:15:56.511 [info] > git status -z -uall [81ms]
2026-08-16 13:15:58.866 [info] > git check-ignore -v -z --stdin [9ms]
2026-08-16 13:17:08.612 [info] [Git][getRemotes] No remotes found in the git config file
2026-08-16 13:17:08.613 [info] > git config --get commit.template [16ms]
2026-08-16 13:17:08.614 [info] > git for-each-ref --format=%(refname)%00%(upstream:short)%00%(objectname)%00%(upstream:track)%00%(upstream:remotename)%00%(upstream:remoteref) refs/heads/main refs/remotes/main [3ms]
2026-08-16 13:17:08.671 [info] > git for-each-ref --sort -committerdate --format %(refname)%00%(objectname)%00%(*objectname) [23ms]
2026-08-16 13:17:08.675 [info] > git ls-files --stage -- app.py [7ms]
2026-08-16 13:17:08.696 [info] > git cat-file -s 170e08d98f82b0943b9923beeeecaa212cedd9c9 [3ms]
2026-08-16 13:17:08.716 [info] > git status -z -uall [90ms]
2026-08-16 13:17:08.791 [info] > git show --textconv :app.py [12ms]
2026-08-16 13:17:08.792 [info] > git blame --root --incremental 0fb7b3be05b385610b174de4135b65619a5d4dc9 -- app.py [28ms]
2026-08-16 13:17:09.723 [info] > git check-ignore -v -z --stdin [3ms]
2026-08-16 13:17:09.983 [info] > git check-ignore -v -z --stdin [2ms]
2026-08-16 13:17:13.795 [info] [Git][getRemotes] No remotes found in the git config file
2026-08-16 13:17:13.796 [info] > git config --get commit.template [15ms]
2026-08-16 13:17:13.797 [info] > git for-each-ref --format=%(refname)%00%(upstream:short)%00%(objectname)%00%(upstream:track)%00%(upstream:remotename)%00%(upstream:remoteref) refs/heads/main refs/remotes/main [3ms]
2026-08-16 13:17:13.860 [info] > git for-each-ref --sort -committerdate --format %(refname)%00%(objectname)%00%(*objectname) [32ms]
2026-08-16 13:17:13.865 [info] > git check-ignore -v -z --stdin [5ms]
2026-08-16 13:17:13.898 [info] > git status -z -uall [88ms]
2026-08-16 13:17:15.169 [info] > git check-ignore -v -z --stdin [12ms]
2026-08-16 13:19:34.531 [info] [Git][getRemotes] No remotes found in the git config file
2026-08-16 13:19:34.533 [info] > git config --get commit.template [15ms]
2026-08-16 13:19:34.536 [info] > git for-each-ref --format=%(refname)%00%(upstream:short)%00%(objectname)%00%(upstream:track)%00%(upstream:remotename)%00%(upstream:remoteref) refs/heads/main refs/remotes/main [5ms]
2026-08-16 13:19:34.573 [info] > git for-each-ref --sort -committerdate --format %(refname)%00%(objectname)%00%(*objectname) [5ms]
2026-08-16 13:19:34.630 [info] > git status -z -uall [82ms]
2026-08-16 13:19:39.683 [info] [Git][getRemotes] No remotes found in the git config file
2026-08-16 13:19:39.698 [info] > git config --get commit.template [17ms]
2026-08-16 13:19:39.700 [info] > git for-each-ref --format=%(refname)%00%(upstream:short)%00%(objectname)%00%(upstream:track)%00%(upstream:remotename)%00%(upstream:remoteref) refs/heads/main refs/remotes/main [3ms]
2026-08-16 13:19:39.767 [info] > git for-each-ref --sort -committerdate --format %(refname)%00%(objectname)%00%(*objectname) [36ms]
2026-08-16 13:19:39.770 [info] > git check-ignore -v -z --stdin [8ms]
2026-08-16 13:19:39.803 [info] > git status -z -uall [90ms]
2026-08-16 13:19:42.472 [info] > git check-ignore -v -z --stdin [10ms]
2026-08-16 13:19:42.627 [info] > git check-ignore -v -z --stdin [4ms]
2026-08-16 13:19:42.799 [info] > git check-ignore -v -z --stdin [4ms]
2026-08-16 13:19:44.863 [info] [Git][getRemotes] No remotes found in the git config file
2026-08-16 13:19:44.865 [info] > git config --get commit.template [15ms]
2026-08-16 13:19:44.866 [info] > git for-each-ref --format=%(refname)%00%(upstream:short)%00%(objectname)%00%(upstream:track)%00%(upstream:remotename)%00%(upstream:remoteref) refs/heads/main refs/remotes/main [3ms]
2026-08-16 13:19:44.905 [info] > git for-each-ref --sort -committerdate --format %(refname)%00%(objectname)%00%(*objectname) [6ms]
2026-08-16 13:19:44.962 [info] > git status -z -uall [83ms]
2026-08-16 13:19:47.169 [info] > git check-ignore -v -z --stdin [2ms]
2026-08-16 13:19:51.839 [info] [Git][getRemotes] No remotes found in the git config file
2026-08-16 13:19:51.841 [info] > git config --get commit.template [15ms]
2026-08-16 13:19:51.842 [info] > git for-each-ref --format=%(refname)%00%(upstream:short)%00%(objectname)%00%(upstream:track)%00%(upstream:remotename)%00%(upstream:remoteref) refs/heads/main refs/remotes/main [3ms]
2026-08-16 13:19:51.879 [info] > git for-each-ref --sort -committerdate --format %(refname)%00%(objectname)%00%(*objectname) [5ms]
2026-08-16 13:19:51.935 [info] > git status -z -uall [79ms]
2026-08-16 13:19:53.675 [info] > git check-ignore -v -z --stdin [3ms]
2026-08-16 13:22:40.539 [info] [Git][getRemotes] No remotes found in the git config file
2026-08-16 13:22:40.541 [info] > git config --get commit.template [15ms]
2026-08-16 13:22:40.542 [info] > git for-each-ref --format=%(refname)%00%(upstream:short)%00%(objectname)%00%(upstream:track)%00%(upstream:remotename)%00%(upstream:remoteref) refs/heads/main refs/remotes/main [3ms]
2026-08-16 13:22:40.609 [info] > git for-each-ref --sort -committerdate --format %(refname)%00%(objectname)%00%(*objectname) [33ms]
2026-08-16 13:22:40.613 [info] > git ls-files --stage -- app.py [6ms]
2026-08-16 13:22:40.636 [info] > git cat-file -s 5720bd27c1d87f02fa0163e19548036b4353648c [3ms]
2026-08-16 13:22:40.657 [info] > git status -z -uall [102ms]
2026-08-16 13:22:40.740 [info] > git blame --root --incremental bade5dd1bfe12c7e11eabc86ec177b33ba27d3bf -- app.py [19ms]
2026-08-16 13:22:40.744 [info] > git show --textconv :app.py [5ms]
2026-08-16 13:22:41.931 [info] > git check-ignore -v -z --stdin [3ms]
2026-08-16 13:22:42.198 [info] > git check-ignore -v -z --stdin [5ms]
2026-08-16 13:22:45.740 [info] [Git][getRemotes] No remotes found in the git config file
2026-08-16 13:22:45.752 [info] > git config --get commit.template [15ms]
2026-08-16 13:22:45.754 [info] > git for-each-ref --format=%(refname)%00%(upstream:short)%00%(objectname)%00%(upstream:track)%00%(upstream:remotename)%00%(upstream:remoteref) refs/heads/main refs/remotes/main [3ms]
2026-08-16 13:22:45.786 [info] > git for-each-ref --sort -committerdate --format %(refname)%00%(objectname)%00%(*objectname) [3ms]
2026-08-16 13:22:45.848 [info] > git status -z -uall [84ms]
2026-08-16 13:22:47.722 [info] > git check-ignore -v -z --stdin [102ms]
2026-08-16 13:22:47.829 [info] > git show --textconv :templates/index.html [26ms]
2026-08-16 13:22:47.832 [info] > git ls-files --stage -- templates/index.html [7ms]
2026-08-16 13:22:47.863 [info] > git cat-file -s 7f910b3a0d1c516ccd78520b706202a0fdc063a0 [8ms]
2026-08-16 13:22:47.968 [info] > git blame --root --incremental bade5dd1bfe12c7e11eabc86ec177b33ba27d3bf -- templates/index.html [2ms]
2026-08-16 13:22:48.054 [info] > git check-ignore -v -z --stdin [6ms]
2026-08-16 13:22:50.904 [info] [Git][getRemotes] No remotes found in the git config file
2026-08-16 13:22:50.920 [info] > git config --get commit.template [18ms]
2026-08-16 13:22:50.921 [info] > git for-each-ref --format=%(refname)%00%(upstream:short)%00%(objectname)%00%(upstream:track)%00%(upstream:remotename)%00%(upstream:remoteref) refs/heads/main refs/remotes/main [3ms]
2026-08-16 13:22:50.958 [info] > git for-each-ref --sort -committerdate --format %(refname)%00%(objectname)%00%(*objectname) [4ms]
2026-08-16 13:22:51.014 [info] > git status -z -uall [79ms]
2026-08-16 13:22:52.413 [info] > git check-ignore -v -z --stdin [13ms]
2026-08-16 13:25:14.502 [info] [Git][getRemotes] No remotes found in the git config file
2026-08-16 13:25:14.503 [info] > git config --get commit.template [14ms]
2026-08-16 13:25:14.505 [info] > git for-each-ref --format=%(refname)%00%(upstream:short)%00%(objectname)%00%(upstream:track)%00%(upstream:remotename)%00%(upstream:remoteref) refs/heads/main refs/remotes/main [3ms]
2026-08-16 13:25:14.535 [info] > git for-each-ref --sort -committerdate --format %(refname)%00%(objectname)%00%(*objectname) [4ms]
2026-08-16 13:25:14.600 [info] > git status -z -uall [85ms]
2026-08-16 13:25:16.168 [info] > git check-ignore -v -z --stdin [3ms]
2026-08-16 13:25:16.458 [info] > git check-ignore -v -z --stdin [11ms]
2026-08-16 13:25:17.175 [info] > git check-ignore -v -z --stdin [4ms]
2026-08-16 13:25:19.661 [info] [Git][getRemotes] No remotes found in the git config file
2026-08-16 13:25:19.662 [info] > git config --get commit.template [17ms]
2026-08-16 13:25:19.663 [info] > git for-each-ref --format=%(refname)%00%(upstream:short)%00%(objectname)%00%(upstream:track)%00%(upstream:remotename)%00%(upstream:remoteref) refs/heads/main refs/remotes/main [2ms]
2026-08-16 13:25:19.696 [info] > git for-each-ref --sort -committerdate --format %(refname)%00%(objectname)%00%(*objectname) [5ms]
2026-08-16 13:25:19.752 [info] > git status -z -uall [76ms]
2026-08-16 13:25:21.015 [info] > git check-ignore -v -z --stdin [2ms]
2026-08-16 13:25:24.794 [info] > git config --get commit.template [2ms]
2026-08-16 13:25:24.807 [info] [Git][getRemotes] No remotes found in the git config file
2026-08-16 13:25:24.810 [info] > git for-each-ref --format=%(refname)%00%(upstream:short)%00%(objectname)%00%(upstream:track)%00%(upstream:remotename)%00%(upstream:remoteref) refs/heads/main refs/remotes/main [3ms]
2026-08-16 13:25:24.846 [info] > git for-each-ref --sort -committerdate --format %(refname)%00%(objectname)%00%(*objectname) [3ms]
2026-08-16 13:25:24.904 [info] > git status -z -uall [82ms]
2026-08-16 13:25:26.427 [info] > git check-ignore -v -z --stdin [3ms]
2026-08-16 13:25:31.300 [info] [Git][getRemotes] No remotes found in the git config file
2026-08-16 13:25:31.302 [info] > git config --get commit.template [18ms]
2026-08-16 13:25:31.302 [info] > git for-each-ref --format=%(refname)%00%(upstream:short)%00%(objectname)%00%(upstream:track)%00%(upstream:remotename)%00%(upstream:remoteref) refs/heads/main refs/remotes/main [3ms]
2026-08-16 13:25:31.338 [info] > git for-each-ref --sort -committerdate --format %(refname)%00%(objectname)%00%(*objectname) [3ms]
2026-08-16 13:25:31.395 [info] > git status -z -uall [81ms]
2026-08-16 13:25:32.708 [info] > git check-ignore -v -z --stdin [2ms]
2026-08-16 13:27:54.982 [info] [Git][getRemotes] No remotes found in the git config file
2026-08-16 13:27:54.997 [info] > git config --get commit.template [16ms]
2026-08-16 13:27:54.997 [info] > git for-each-ref --format=%(refname)%00%(upstream:short)%00%(objectname)%00%(upstream:track)%00%(upstream:remotename)%00%(upstream:remoteref) refs/heads/main refs/remotes/main [3ms]
2026-08-16 13:27:55.055 [info] > git for-each-ref --sort -committerdate --format %(refname)%00%(objectname)%00%(*objectname) [24ms]
2026-08-16 13:27:55.058 [info] > git ls-files --stage -- templates/index.html [6ms]
2026-08-16 13:27:55.079 [info] > git cat-file -s a30ab19a7ea1a3e9e29fb55e28e9250dcca51ec2 [2ms]
2026-08-16 13:27:55.100 [info] > git status -z -uall [91ms]
2026-08-16 13:27:55.170 [info] > git blame --root --incremental 41c2f50955ab86a9a327254644e7a70d7cccde90 -- templates/index.html [17ms]
2026-08-16 13:27:55.172 [info] > git show --textconv :templates/index.html [4ms]
2026-08-16 13:27:56.210 [info] > git check-ignore -v -z --stdin [15ms]
2026-08-16 13:27:56.454 [info] > git check-ignore -v -z --stdin [3ms]
2026-08-16 13:28:42.712 [info] [Git][getRemotes] No remotes found in the git config file
2026-08-16 13:28:42.713 [info] > git config --get commit.template [13ms]
2026-08-16 13:28:42.715 [info] > git for-each-ref --format=%(refname)%00%(upstream:short)%00%(objectname)%00%(upstream:track)%00%(upstream:remotename)%00%(upstream:remoteref) refs/heads/main refs/remotes/main [3ms]
2026-08-16 13:28:42.746 [info] > git for-each-ref --sort -committerdate --format %(refname)%00%(objectname)%00%(*objectname) [5ms]
2026-08-16 13:28:42.811 [info] > git status -z -uall [86ms]
2026-08-16 13:28:44.080 [info] > git check-ignore -v -z --stdin [3ms]
2026-08-16 13:28:46.968 [info] > git check-ignore -v -z --stdin [4ms]
2026-08-16 13:28:47.051 [info] > git show --textconv :app.py [14ms]
2026-08-16 13:28:47.052 [info] > git ls-files --stage -- app.py [3ms]
2026-08-16 13:28:47.065 [info] > git cat-file -s 5720bd27c1d87f02fa0163e19548036b4353648c [3ms]
2026-08-16 13:28:47.157 [info] > git blame --root --incremental 41c2f50955ab86a9a327254644e7a70d7cccde90 -- app.py [6ms]
2026-08-16 13:28:47.866 [info] > git config --get commit.template [2ms]
2026-08-16 13:28:47.879 [info] [Git][getRemotes] No remotes found in the git config file
2026-08-16 13:28:47.881 [info] > git for-each-ref --format=%(refname)%00%(upstream:short)%00%(objectname)%00%(upstream:track)%00%(upstream:remotename)%00%(upstream:remoteref) refs/heads/main refs/remotes/main [3ms]
2026-08-16 13:28:47.917 [info] > git for-each-ref --sort -committerdate --format %(refname)%00%(objectname)%00%(*objectname) [4ms]
2026-08-16 13:28:47.971 [info] > git status -z -uall [78ms]
2026-08-16 13:28:49.193 [info] > git check-ignore -v -z --stdin [2ms]
2026-08-16 13:28:50.734 [info] > git check-ignore -v -z --stdin [3ms]
2026-08-16 13:28:51.717 [info] > git check-ignore -v -z --stdin [2ms]
2026-08-16 13:28:54.069 [info] [Git][getRemotes] No remotes found in the git config file
2026-08-16 13:28:54.069 [info] > git config --get commit.template [17ms]
2026-08-16 13:28:54.071 [info] > git for-each-ref --format=%(refname)%00%(upstream:short)%00%(objectname)%00%(upstream:track)%00%(upstream:remotename)%00%(upstream:remoteref) refs/heads/main refs/remotes/main [3ms]
2026-08-16 13:28:54.106 [info] > git for-each-ref --sort -committerdate --format %(refname)%00%(objectname)%00%(*objectname) [4ms]
2026-08-16 13:28:54.162 [info] > git status -z -uall [79ms]
2026-08-16 13:28:59.453 [info] [Git][getRemotes] No remotes found in the git config file
2026-08-16 13:28:59.454 [info] > git config --get commit.template [16ms]
2026-08-16 13:28:59.456 [info] > git for-each-ref --format=%(refname)%00%(upstream:short)%00%(objectname)%00%(upstream:track)%00%(upstream:remotename)%00%(upstream:remoteref) refs/heads/main refs/remotes/main [4ms]
2026-08-16 13:28:59.490 [info] > git for-each-ref --sort -committerdate --format %(refname)%00%(objectname)%00%(*objectname) [4ms]
2026-08-16 13:28:59.547 [info] > git status -z -uall [79ms]
2026-08-16 13:29:03.033 [info] > git check-ignore -v -z --stdin [3ms]
2026-08-16 13:29:03.131 [info] > git show --textconv :templates/index.html [19ms]
2026-08-16 13:29:03.132 [info] > git ls-files --stage -- templates/index.html [4ms]
2026-08-16 13:29:03.147 [info] > git cat-file -s a30ab19a7ea1a3e9e29fb55e28e9250dcca51ec2 [3ms]
2026-08-16 13:29:03.298 [info] > git check-ignore -v -z --stdin [3ms]
2026-08-16 13:29:03.430 [info] > git check-ignore -v -z --stdin [3ms]
2026-08-16 13:29:04.601 [info] [Git][getRemotes] No remotes found in the git config file
2026-08-16 13:29:04.602 [info] > git config --get commit.template [15ms]
2026-08-16 13:29:04.603 [info] > git for-each-ref --format=%(refname)%00%(upstream:short)%00%(objectname)%00%(upstream:track)%00%(upstream:remotename)%00%(upstream:remoteref) refs/heads/main refs/remotes/main [3ms]
2026-08-16 13:29:04.639 [info] > git for-each-ref --sort -committerdate --format %(refname)%00%(objectname)%00%(*objectname) [3ms]
2026-08-16 13:29:04.698 [info] > git status -z -uall [82ms]
2026-08-16 13:29:06.928 [info] > git check-ignore -v -z --stdin [3ms]
2026-08-16 13:29:07.074 [info] > git show --textconv :templates/sport.html [19ms]
2026-08-16 13:29:07.079 [info] > git ls-files --stage -- templates/sport.html [9ms]
2026-08-16 13:29:07.094 [info] > git cat-file -s 6b6a5b92207e05baa892acb4b721ba2c8ea79e89 [3ms]
2026-08-16 13:29:07.272 [info] > git blame --root --incremental 41c2f50955ab86a9a327254644e7a70d7cccde90 -- templates/sport.html [3ms]
2026-08-16 13:29:07.345 [info] > git check-ignore -v -z --stdin [2ms]
2026-08-16 13:29:07.795 [info] > git check-ignore -v -z --stdin [4ms]
2026-08-16 13:29:09.067 [info] > git check-ignore -v -z --stdin [2ms]
2026-08-16 13:29:09.796 [info] > git check-ignore -v -z --stdin [4ms]
2026-08-16 13:29:12.887 [info] [Git][getRemotes] No remotes found in the git config file
2026-08-16 13:29:12.888 [info] > git config --get commit.template [18ms]
2026-08-16 13:29:12.890 [info] > git for-each-ref --format=%(refname)%00%(upstream:short)%00%(objectname)%00%(upstream:track)%00%(upstream:remotename)%00%(upstream:remoteref) refs/heads/main refs/remotes/main [3ms]
2026-08-16 13:29:12.927 [info] > git for-each-ref --sort -committerdate --format %(refname)%00%(objectname)%00%(*objectname) [3ms]
2026-08-16 13:29:12.984 [info] > git status -z -uall [80ms]
2026-08-16 13:29:14.897 [info] > git check-ignore -v -z --stdin [12ms]
2026-08-16 13:30:47.940 [info] [Git][getRemotes] No remotes found in the git config file
2026-08-16 13:30:47.942 [info] > git config --get commit.template [14ms]
2026-08-16 13:30:47.943 [info] > git for-each-ref --format=%(refname)%00%(upstream:short)%00%(objectname)%00%(upstream:track)%00%(upstream:remotename)%00%(upstream:remoteref) refs/heads/main refs/remotes/main [4ms]
2026-08-16 13:30:47.973 [info] > git for-each-ref --sort -committerdate --format %(refname)%00%(objectname)%00%(*objectname) [4ms]
2026-08-16 13:30:47.995 [info] > git ls-files --stage -- templates/sport.html [2ms]
2026-08-16 13:30:48.014 [info] > git cat-file -s 2a04df5d2bdd7a964501d438654e7a2efa7f4e7f [3ms]
2026-08-16 13:30:48.042 [info] > git status -z -uall [90ms]
2026-08-16 13:30:48.098 [info] > git blame --root --incremental 0b02e61f17110eeed3a4bb07c46d00e5a4686732 -- templates/sport.html [15ms]
2026-08-16 13:30:48.100 [info] > git show --textconv :templates/sport.html [3ms]
2026-08-16 13:30:49.580 [info] > git check-ignore -v -z --stdin [3ms]
2026-08-16 13:30:49.844 [info] > git check-ignore -v -z --stdin [2ms]
2026-08-16 13:30:51.274 [info] > git check-ignore -v -z --stdin [2ms]
2026-08-16 13:30:51.360 [info] > git show --textconv :app.py [15ms]
2026-08-16 13:30:51.363 [info] > git ls-files --stage -- app.py [5ms]
2026-08-16 13:30:51.378 [info] > git cat-file -s 14f65aabaf823c3c706b66f2effbd807ed2ddfae [3ms]
2026-08-16 13:30:51.475 [info] > git blame --root --incremental 0b02e61f17110eeed3a4bb07c46d00e5a4686732 -- app.py [4ms]
2026-08-16 13:30:52.367 [info] > git check-ignore -v -z --stdin [3ms]
2026-08-16 13:30:52.477 [info] > git show --textconv :templates/sport.html [17ms]
2026-08-16 13:30:52.479 [info] > git ls-files --stage -- templates/sport.html [4ms]
2026-08-16 13:30:52.495 [info] > git cat-file -s 2a04df5d2bdd7a964501d438654e7a2efa7f4e7f [3ms]
2026-08-16 13:30:52.917 [info] > git check-ignore -v -z --stdin [2ms]
2026-08-16 13:30:53.000 [info] > git show --textconv :templates/index.html [14ms]
2026-08-16 13:30:53.003 [info] > git ls-files --stage -- templates/index.html [3ms]
2026-08-16 13:30:53.017 [info] > git cat-file -s a30ab19a7ea1a3e9e29fb55e28e9250dcca51ec2 [2ms]
2026-08-16 13:30:53.117 [info] > git config --get commit.template [17ms]
2026-08-16 13:30:53.131 [info] [Git][getRemotes] No remotes found in the git config file
2026-08-16 13:30:53.132 [info] > git blame --root --incremental 0b02e61f17110eeed3a4bb07c46d00e5a4686732 -- templates/index.html [17ms]
2026-08-16 13:30:53.134 [info] > git for-each-ref --format=%(refname)%00%(upstream:short)%00%(objectname)%00%(upstream:track)%00%(upstream:remotename)%00%(upstream:remoteref) refs/heads/main refs/remotes/main [4ms]
2026-08-16 13:30:53.184 [info] > git for-each-ref --sort -committerdate --format %(refname)%00%(objectname)%00%(*objectname) [7ms]
2026-08-16 13:30:53.236 [info] > git status -z -uall [84ms]
2026-08-16 13:30:54.825 [info] > git check-ignore -v -z --stdin [3ms]
2026-08-16 13:30:54.919 [info] > git show --textconv :templates/admin.html [12ms]
2026-08-16 13:30:54.921 [info] > git ls-files --stage -- templates/admin.html [2ms]
2026-08-16 13:30:54.934 [info] > git cat-file -s 2e9b3fbf9bc442684cfcf37ebc1aebfc55e0ed4d [2ms]
2026-08-16 13:30:55.009 [info] > git blame --root --incremental 0b02e61f17110eeed3a4bb07c46d00e5a4686732 -- templates/admin.html [5ms]
2026-08-16 13:30:55.096 [info] > git check-ignore -v -z --stdin [3ms]
2026-08-16 13:30:55.641 [info] > git check-ignore -v -z --stdin [2ms]
2026-08-16 13:30:55.720 [info] > git show --textconv :templates/sport.html [12ms]
2026-08-16 13:30:55.730 [info] > git ls-files --stage -- templates/sport.html [11ms]
2026-08-16 13:30:55.754 [info] > git cat-file -s 2a04df5d2bdd7a964501d438654e7a2efa7f4e7f [9ms]
2026-08-16 13:30:59.910 [info] [Git][getRemotes] No remotes found in the git config file
2026-08-16 13:30:59.911 [info] > git config --get commit.template [14ms]
2026-08-16 13:30:59.912 [info] > git for-each-ref --format=%(refname)%00%(upstream:short)%00%(objectname)%00%(upstream:track)%00%(upstream:remotename)%00%(upstream:remoteref) refs/heads/main refs/remotes/main [2ms]
2026-08-16 13:30:59.952 [info] > git for-each-ref --sort -committerdate --format %(refname)%00%(objectname)%00%(*objectname) [4ms]
2026-08-16 13:31:00.017 [info] > git status -z -uall [94ms]
2026-08-16 13:31:01.836 [info] > git check-ignore -v -z --stdin [2ms]
2026-08-16 13:31:27.217 [info] [Git][getRemotes] No remotes found in the git config file
2026-08-16 13:31:27.218 [info] > git config --get commit.template [14ms]
2026-08-16 13:31:27.220 [info] > git for-each-ref --format=%(refname)%00%(upstream:short)%00%(objectname)%00%(upstream:track)%00%(upstream:remotename)%00%(upstream:remoteref) refs/heads/main refs/remotes/main [3ms]
2026-08-16 13:31:27.268 [info] > git for-each-ref --sort -committerdate --format %(refname)%00%(objectname)%00%(*objectname) [15ms]
2026-08-16 13:31:27.319 [info] > git status -z -uall [88ms]
2026-08-16 13:31:29.484 [info] > git check-ignore -v -z --stdin [9ms]
2026-08-16 13:31:29.570 [info] > git show --textconv :app.py [17ms]
2026-08-16 13:31:29.571 [info] > git ls-files --stage -- app.py [4ms]
2026-08-16 13:31:29.586 [info] > git cat-file -s 14f65aabaf823c3c706b66f2effbd807ed2ddfae [2ms]
2026-08-16 13:31:32.398 [info] [Git][getRemotes] No remotes found in the git config file
2026-08-16 13:31:32.399 [info] > git config --get commit.template [13ms]
2026-08-16 13:31:32.400 [info] > git for-each-ref --format=%(refname)%00%(upstream:short)%00%(objectname)%00%(upstream:track)%00%(upstream:remotename)%00%(upstream:remoteref) refs/heads/main refs/remotes/main [2ms]
2026-08-16 13:31:32.431 [info] > git for-each-ref --sort -committerdate --format %(refname)%00%(objectname)%00%(*objectname) [3ms]
2026-08-16 13:31:32.508 [info] > git status -z -uall [96ms]
2026-08-16 13:31:34.082 [info] > git check-ignore -v -z --stdin [5ms]
2026-08-16 13:31:34.404 [info] > git check-ignore -v -z --stdin [3ms]
2026-08-16 13:31:57.144 [info] > git config --get commit.template [16ms]
2026-08-16 13:31:57.144 [info] [Git][getRemotes] No remotes found in the git config file
2026-08-16 13:31:57.145 [info] > git for-each-ref --format=%(refname)%00%(upstream:short)%00%(objectname)%00%(upstream:track)%00%(upstream:remotename)%00%(upstream:remoteref) refs/heads/main refs/remotes/main [2ms]
2026-08-16 13:31:57.186 [info] > git for-each-ref --sort -committerdate --format %(refname)%00%(objectname)%00%(*objectname) [8ms]
2026-08-16 13:31:57.242 [info] > git status -z -uall [84ms]
2026-08-16 13:31:59.043 [info] > git check-ignore -v -z --stdin [3ms]
2026-08-16 13:32:00.831 [info] > git check-ignore -v -z --stdin [5ms]
2026-08-16 13:32:00.945 [info] > git show --textconv :static/style.css [23ms]
2026-08-16 13:32:00.950 [info] > git ls-files --stage -- static/style.css [7ms]
2026-08-16 13:32:00.975 [info] > git cat-file -s 173bcdc1f1fe3ec4454da6e19d27516db022b059 [2ms]
2026-08-16 13:32:01.076 [info] > git blame --root --incremental 0b02e61f17110eeed3a4bb07c46d00e5a4686732 -- static/style.css [7ms]
2026-08-16 13:32:02.305 [info] [Git][getRemotes] No remotes found in the git config file
2026-08-16 13:32:02.306 [info] > git config --get commit.template [20ms]
2026-08-16 13:32:02.307 [info] > git for-each-ref --format=%(refname)%00%(upstream:short)%00%(objectname)%00%(upstream:track)%00%(upstream:remotename)%00%(upstream:remoteref) refs/heads/main refs/remotes/main [2ms]
2026-08-16 13:32:02.345 [info] > git for-each-ref --sort -committerdate --format %(refname)%00%(objectname)%00%(*objectname) [5ms]
2026-08-16 13:32:02.407 [info] > git status -z -uall [86ms]
2026-08-16 13:32:04.056 [info] > git check-ignore -v -z --stdin [19ms]
2026-08-16 13:32:04.203 [info] > git check-ignore -v -z --stdin [4ms]
2026-08-16 13:32:33.684 [info] [Git][getRemotes] No remotes found in the git config file
2026-08-16 13:32:33.687 [info] > git config --get commit.template [15ms]
2026-08-16 13:32:33.687 [info] > git for-each-ref --format=%(refname)%00%(upstream:short)%00%(objectname)%00%(upstream:track)%00%(upstream:remotename)%00%(upstream:remoteref) refs/heads/main refs/remotes/main [3ms]
2026-08-16 13:32:33.719 [info] > git for-each-ref --sort -committerdate --format %(refname)%00%(objectname)%00%(*objectname) [3ms]
2026-08-16 13:32:33.784 [info] > git status -z -uall [86ms]
2026-08-16 13:32:35.492 [info] > git check-ignore -v -z --stdin [2ms]
2026-08-16 13:32:38.230 [info] > git check-ignore -v -z --stdin [3ms]
2026-08-16 13:32:38.320 [info] > git show --textconv :templates/admin.html [13ms]
2026-08-16 13:32:38.322 [info] > git ls-files --stage -- templates/admin.html [4ms]
2026-08-16 13:32:38.334 [info] > git cat-file -s 2e9b3fbf9bc442684cfcf37ebc1aebfc55e0ed4d [3ms]
2026-08-16 13:32:38.858 [info] [Git][getRemotes] No remotes found in the git config file
2026-08-16 13:32:38.859 [info] > git config --get commit.template [14ms]
2026-08-16 13:32:38.861 [info] > git for-each-ref --format=%(refname)%00%(upstream:short)%00%(objectname)%00%(upstream:track)%00%(upstream:remotename)%00%(upstream:remoteref) refs/heads/main refs/remotes/main [3ms]
2026-08-16 13:32:38.894 [info] > git for-each-ref --sort -committerdate --format %(refname)%00%(objectname)%00%(*objectname) [4ms]
2026-08-16 13:32:38.950 [info] > git status -z -uall [78ms]
2026-08-16 13:32:40.720 [info] > git check-ignore -v -z --stdin [9ms]
2026-08-16 13:32:41.190 [info] > git check-ignore -v -z --stdin [2ms]
2026-08-16 13:33:05.025 [info] [Git][getRemotes] No remotes found in the git config file
2026-08-16 13:33:05.026 [info] > git config --get commit.template [17ms]
2026-08-16 13:33:05.027 [info] > git for-each-ref --format=%(refname)%00%(upstream:short)%00%(objectname)%00%(upstream:track)%00%(upstream:remotename)%00%(upstream:remoteref) refs/heads/main refs/remotes/main [2ms]
2026-08-16 13:33:05.061 [info] > git for-each-ref --sort -committerdate --format %(refname)%00%(objectname)%00%(*objectname) [5ms]
2026-08-16 13:33:05.117 [info] > git status -z -uall [79ms]
2026-08-16 13:33:06.513 [info] > git check-ignore -v -z --stdin [5ms]
2026-08-16 13:33:06.606 [info] > git show --textconv :templates/index.html [26ms]
2026-08-16 13:33:06.607 [info] > git ls-files --stage -- templates/index.html [5ms]
2026-08-16 13:33:06.631 [info] > git cat-file -s a30ab19a7ea1a3e9e29fb55e28e9250dcca51ec2 [5ms]
2026-08-16 13:33:06.767 [info] > git check-ignore -v -z --stdin [2ms]
2026-08-16 13:33:07.836 [info] > git check-ignore -v -z --stdin [3ms]
2026-08-16 13:33:08.281 [info] > git check-ignore -v -z --stdin [3ms]
2026-08-16 13:33:10.182 [info] [Git][getRemotes] No remotes found in the git config file
2026-08-16 13:33:10.184 [info] > git config --get commit.template [14ms]
2026-08-16 13:33:10.185 [info] > git for-each-ref --format=%(refname)%00%(upstream:short)%00%(objectname)%00%(upstream:track)%00%(upstream:remotename)%00%(upstream:remoteref) refs/heads/main refs/remotes/main [3ms]
2026-08-16 13:33:10.219 [info] > git for-each-ref --sort -committerdate --format %(refname)%00%(objectname)%00%(*objectname) [4ms]
2026-08-16 13:33:10.276 [info] > git status -z -uall [79ms]
2026-08-16 13:33:11.913 [info] > git check-ignore -v -z --stdin [24ms]
