Initializing document watcher...
Document watcher initialized
/User/settings.json: Using EditorConfig core...
/User/settings.json: Using EditorConfig core...
/User/settings.json: Target charset is not set
rohithkalithkar/index.html: {"tabSize":4,"indentSize":4,"insertSpaces":true,"cursorStyle":1,"lineNumbers":1}
rohithkalithkar/index.html: Using EditorConfig core...
index.html: Target charset is not set
rohithkalithkar/index.html: {"tabSize":4,"indentSize":4,"insertSpaces":true,"cursorStyle":1,"lineNumbers":1}
rohithkalithkar/index.html: Using EditorConfig core...
rohithkalithkar/index.html: Using EditorConfig core...
index.html: Target charset is not set
rohithkalithkar/style.css: {"tabSize":4,"indentSize":4,"insertSpaces":true,"cursorStyle":1,"lineNumbers":1}
rohithkalithkar/style.css: Using EditorConfig core...
style.css: Target charset is not set
rohithkalithkar/style.css: {"tabSize":4,"indentSize":4,"insertSpaces":true,"cursorStyle":1,"lineNumbers":1}
rohithkalithkar/style.css: Using EditorConfig core...
rohithkalithkar/style.css: Using EditorConfig core...
style.css: Target charset is not set
rohithkalithkar/style.css: {"tabSize":4,"indentSize":4,"insertSpaces":true,"cursorStyle":1,"lineNumbers":1}
rohithkalithkar/style.css: {"tabSize":4,"indentSize":4,"insertSpaces":true,"cursorStyle":1,"lineNumbers":1}
rohithkalithkar/style.css: {"tabSize":4,"indentSize":4,"insertSpaces":true,"cursorStyle":1,"lineNumbers":1}
rohithkalithkar/style.css: {"tabSize":4,"indentSize":4,"insertSpaces":true,"cursorStyle":1,"lineNumbers":1}
rohithkalithkar/style.css: {"tabSize":4,"indentSize":4,"insertSpaces":true,"cursorStyle":1,"lineNumbers":1}
rohithkalithkar/app.py: {"tabSize":4,"indentSize":4,"insertSpaces":true,"cursorStyle":1,"lineNumbers":1}
rohithkalithkar/app.py: Using EditorConfig core...
app.py: Target charset is not set
rohithkalithkar/app.py: {"tabSize":4,"indentSize":4,"insertSpaces":true,"cursorStyle":1,"lineNumbers":1}
rohithkalithkar/app.py: Using EditorConfig core...
rohithkalithkar/app.py: Using EditorConfig core...
app.py: Target charset is not set
rohithkalithkar/index.html: {"tabSize":4,"indentSize":4,"insertSpaces":true,"cursorStyle":1,"lineNumbers":1}
rohithkalithkar/index.html: Using EditorConfig core...
index.html: Target charset is not set
rohithkalithkar/app.py: {"tabSize":4,"indentSize":4,"insertSpaces":true,"cursorStyle":1,"lineNumbers":1}
rohithkalithkar/app.py: Using EditorConfig core...
app.py: Target charset is not set
rohithkalithkar/index.html: {"tabSize":4,"indentSize":4,"insertSpaces":true,"cursorStyle":1,"lineNumbers":1}
rohithkalithkar/index.html: Using EditorConfig core...
index.html: Target charset is not set
rohithkalithkar/index.html: {"tabSize":4,"indentSize":4,"insertSpaces":true,"cursorStyle":1,"lineNumbers":1}
rohithkalithkar/index.html: Using EditorConfig core...
rohithkalithkar/index.html: Using EditorConfig core...
index.html: Target charset is not set
rohithkalithkar/index.html: {"tabSize":4,"indentSize":4,"insertSpaces":true,"cursorStyle":1,"lineNumbers":1}
rohithkalithkar/index.html: Using EditorConfig core...
rohithkalithkar/index.html: Using EditorConfig core...
index.html: Target charset is not set
rohithkalithkar/app.py: {"tabSize":4,"indentSize":4,"insertSpaces":true,"cursorStyle":1,"lineNumbers":1}
rohithkalithkar/app.py: Using EditorConfig core...
app.py: Target charset is not set
rohithkalithkar/index.html: {"tabSize":4,"indentSize":4,"insertSpaces":true,"cursorStyle":1,"lineNumbers":1}
rohithkalithkar/index.html: Using EditorConfig core...
index.html: Target charset is not set
rohithkalithkar/style.css: {"tabSize":4,"indentSize":4,"insertSpaces":true,"cursorStyle":1,"lineNumbers":1}
rohithkalithkar/style.css: Using EditorConfig core...
style.css: Target charset is not set
rohithkalithkar/style.css: {"tabSize":4,"indentSize":4,"insertSpaces":true,"cursorStyle":1,"lineNumbers":1}
rohithkalithkar/style.css: Using EditorConfig core...
rohithkalithkar/style.css: Using EditorConfig core...
style.css: Target charset is not set
rohithkalithkar/style.css: {"tabSize":4,"indentSize":4,"insertSpaces":true,"cursorStyle":1,"lineNumbers":1}
rohithkalithkar/app.py: {"tabSize":4,"indentSize":4,"insertSpaces":true,"cursorStyle":1,"lineNumbers":1}
rohithkalithkar/app.py: Using EditorConfig core...
app.py: Target charset is not set
rohithkalithkar/app.py: {"tabSize":4,"indentSize":4,"insertSpaces":true,"cursorStyle":1,"lineNumbers":1}
rohithkalithkar/app.py: Using EditorConfig core...
rohithkalithkar/app.py: Using EditorConfig core...
app.py: Target charset is not set
rohithkalithkar/style.css: {"tabSize":4,"indentSize":4,"insertSpaces":true,"cursorStyle":1,"lineNumbers":1}
rohithkalithkar/style.css: Using EditorConfig core...
style.css: Target charset is not set
rohithkalithkar/static/style.css: {"tabSize":2,"indentSize":2,"insertSpaces":true,"cursorStyle":1,"lineNumbers":1}
rohithkalithkar/static/style.css: Using EditorConfig core...
static/style.css: Target charset is not set
rohithkalithkar/templates/index.html: {"tabSize":2,"indentSize":2,"insertSpaces":true,"cursorStyle":1,"lineNumbers":1}
rohithkalithkar/templates/index.html: Using EditorConfig core...
templates/index.html: Target charset is not set
rohithkalithkar/templates/index.html: {"tabSize":2,"indentSize":2,"insertSpaces":true,"cursorStyle":1,"lineNumbers":1}
rohithkalithkar/templates/index.html: {"tabSize":2,"indentSize":2,"insertSpaces":true,"cursorStyle":1,"lineNumbers":1}
rohithkalithkar/templates/index.html: Using EditorConfig core...
rohithkalithkar/templates/index.html: Using EditorConfig core...
templates/index.html: Target charset is not set
rohithkalithkar/templates/index.html: {"tabSize":2,"indentSize":2,"insertSpaces":true,"cursorStyle":1,"lineNumbers":1}
rohithkalithkar/templates/index.html: Using EditorConfig core...
rohithkalithkar/templates/index.html: Using EditorConfig core...
templates/index.html: Target charset is not set
rohithkalithkar/static/style.css: {"tabSize":2,"indentSize":2,"insertSpaces":true,"cursorStyle":1,"lineNumbers":1}
rohithkalithkar/static/style.css: Using EditorConfig core...
static/style.css: Target charset is not set
rohithkalithkar/static/style.css: {"tabSize":2,"indentSize":2,"insertSpaces":true,"cursorStyle":1,"lineNumbers":1}
rohithkalithkar/static/style.css: Using EditorConfig core...
rohithkalithkar/static/style.css: Using EditorConfig core...
static/style.css: Target charset is not set
rohithkalithkar/static/style.css: {"tabSize":2,"indentSize":2,"insertSpaces":true,"cursorStyle":1,"lineNumbers":1}
rohithkalithkar/static/style.css: Using EditorConfig core...
rohithkalithkar/static/style.css: Using EditorConfig core...
static/style.css: Target charset is not set
rohithkalithkar/templates/index.html: {"tabSize":2,"indentSize":2,"insertSpaces":true,"cursorStyle":1,"lineNumbers":1}
rohithkalithkar/templates/index.html: Using EditorConfig core...
templates/index.html: Target charset is not set
rohithkalithkar/static/style.css: {"tabSize":2,"indentSize":2,"insertSpaces":true,"cursorStyle":1,"lineNumbers":1}
rohithkalithkar/static/style.css: Using EditorConfig core...
static/style.css: Target charset is not set
rohithkalithkar/static/style.css: {"tabSize":2,"indentSize":2,"insertSpaces":true,"cursorStyle":1,"lineNumbers":1}
rohithkalithkar/static/style.css: {"tabSize":2,"indentSize":2,"insertSpaces":true,"cursorStyle":1,"lineNumbers":1}
rohithkalithkar/templates/index.html: {"tabSize":2,"indentSize":2,"insertSpaces":true,"cursorStyle":1,"lineNumbers":1}
rohithkalithkar/templates/index.html: Using EditorConfig core...
templates/index.html: Target charset is not set
rohithkalithkar/templates/index.html: Using EditorConfig core...
rohithkalithkar/templates/index.html: Using EditorConfig core...
templates/index.html: Target charset is not set
rohithkalithkar/templates/index.html: {"tabSize":2,"indentSize":2,"insertSpaces":true,"cursorStyle":1,"lineNumbers":1}
rohithkalithkar/app.py: {"tabSize":4,"indentSize":4,"insertSpaces":true,"cursorStyle":1,"lineNumbers":1}
rohithkalithkar/app.py: Using EditorConfig core...
app.py: Target charset is not set
rohithkalithkar/app.py: Using EditorConfig core...
rohithkalithkar/app.py: Using EditorConfig core...
app.py: Target charset is not set
rohithkalithkar/app.py: Using EditorConfig core...
rohithkalithkar/app.py: Using EditorConfig core...
app.py: Target charset is not set
rohithkalithkar/templates/index.html: {"tabSize":2,"indentSize":2,"insertSpaces":true,"cursorStyle":1,"lineNumbers":1}
rohithkalithkar/templates/index.html: Using EditorConfig core...
templates/index.html: Target charset is not set
rohithkalithkar/app.py: {"tabSize":4,"indentSize":4,"insertSpaces":true,"cursorStyle":1,"lineNumbers":1}
rohithkalithkar/app.py: Using EditorConfig core...
app.py: Target charset is not set
rohithkalithkar/templates/index.html: {"tabSize":2,"indentSize":2,"insertSpaces":true,"cursorStyle":1,"lineNumbers":1}
rohithkalithkar/templates/index.html: Using EditorConfig core...
templates/index.html: Target charset is not set
rohithkalithkar/app.py: {"tabSize":4,"indentSize":4,"insertSpaces":true,"cursorStyle":1,"lineNumbers":1}
rohithkalithkar/app.py: Using EditorConfig core...
app.py: Target charset is not set
rohithkalithkar/templates/index.html: {"tabSize":2,"indentSize":2,"insertSpaces":true,"cursorStyle":1,"lineNumbers":1}
rohithkalithkar/templates/index.html: Using EditorConfig core...
templates/index.html: Target charset is not set
rohithkalithkar/templates/index.html: {"tabSize":2,"indentSize":2,"insertSpaces":true,"cursorStyle":1,"lineNumbers":1}
rohithkalithkar/app.py: {"tabSize":4,"indentSize":4,"insertSpaces":true,"cursorStyle":1,"lineNumbers":1}
rohithkalithkar/app.py: Using EditorConfig core...
app.py: Target charset is not set
rohithkalithkar/templates/index.html: {"tabSize":2,"indentSize":2,"insertSpaces":true,"cursorStyle":1,"lineNumbers":1}
rohithkalithkar/templates/index.html: Using EditorConfig core...
templates/index.html: Target charset is not set
rohithkalithkar/static/style.css: {"tabSize":2,"indentSize":2,"insertSpaces":true,"cursorStyle":1,"lineNumbers":1}
rohithkalithkar/static/style.css: Using EditorConfig core...
static/style.css: Target charset is not set
rohithkalithkar/templates/index.html: {"tabSize":2,"indentSize":2,"insertSpaces":true,"cursorStyle":1,"lineNumbers":1}
rohithkalithkar/templates/index.html: Using EditorConfig core...
templates/index.html: Target charset is not set
rohithkalithkar/static/style.css: {"tabSize":2,"indentSize":2,"insertSpaces":true,"cursorStyle":1,"lineNumbers":1}
rohithkalithkar/static/style.css: Using EditorConfig core...
static/style.css: Target charset is not set
rohithkalithkar/templates/index.html: {"tabSize":2,"indentSize":2,"insertSpaces":true,"cursorStyle":1,"lineNumbers":1}
rohithkalithkar/templates/index.html: Using EditorConfig core...
templates/index.html: Target charset is not set
rohithkalithkar/static/style.css: {"tabSize":2,"indentSize":2,"insertSpaces":true,"cursorStyle":1,"lineNumbers":1}
rohithkalithkar/static/style.css: Using EditorConfig core...
static/style.css: Target charset is not set
rohithkalithkar/templates/index.html: {"tabSize":2,"indentSize":2,"insertSpaces":true,"cursorStyle":1,"lineNumbers":1}
rohithkalithkar/templates/index.html: Using EditorConfig core...
templates/index.html: Target charset is not set
rohithkalithkar/app.py: {"tabSize":4,"indentSize":4,"insertSpaces":true,"cursorStyle":1,"lineNumbers":1}
rohithkalithkar/app.py: Using EditorConfig core...
app.py: Target charset is not set
rohithkalithkar/templates/index.html: {"tabSize":2,"indentSize":2,"insertSpaces":true,"cursorStyle":1,"lineNumbers":1}
rohithkalithkar/templates/index.html: Using EditorConfig core...
templates/index.html: Target charset is not set
rohithkalithkar/templates/index.html: {"tabSize":2,"indentSize":2,"insertSpaces":true,"cursorStyle":1,"lineNumbers":1}
rohithkalithkar/app.py: {"tabSize":4,"indentSize":4,"insertSpaces":true,"cursorStyle":1,"lineNumbers":1}
rohithkalithkar/app.py: Using EditorConfig core...
app.py: Target charset is not set
rohithkalithkar/app.py: Using EditorConfig core...
rohithkalithkar/app.py: Using EditorConfig core...
app.py: Target charset is not set
rohithkalithkar/templates/index.html: {}
rohithkalithkar/templates/index.html: {"tabSize":2,"indentSize":2,"insertSpaces":true,"cursorStyle":1,"lineNumbers":1}
rohithkalithkar/templates/index.html: Using EditorConfig core...
templates/index.html: Target charset is not set
rohithkalithkar/templates/index.html: Using EditorConfig core...
rohithkalithkar/templates/index.html: Using EditorConfig core...
templates/index.html: Target charset is not set
rohithkalithkar/templates/index.html: {"tabSize":2,"indentSize":2,"insertSpaces":true,"cursorStyle":1,"lineNumbers":1}
rohithkalithkar/static/style.css: {"tabSize":2,"indentSize":2,"insertSpaces":true,"cursorStyle":1,"lineNumbers":1}
rohithkalithkar/static/style.css: Using EditorConfig core...
static/style.css: Target charset is not set
rohithkalithkar/static/style.css: Using EditorConfig core...
rohithkalithkar/static/style.css: Using EditorConfig core...
static/style.css: Target charset is not set
rohithkalithkar/static/style.css: Using EditorConfig core...
rohithkalithkar/static/style.css: Using EditorConfig core...
static/style.css: Target charset is not set
rohithkalithkar/static/style.css: Using EditorConfig core...
rohithkalithkar/static/style.css: Using EditorConfig core...
static/style.css: Target charset is not set
rohithkalithkar/static/style.css: Using EditorConfig core...
rohithkalithkar/static/style.css: Using EditorConfig core...
static/style.css: Target charset is not set
rohithkalithkar/static/style.css: {"tabSize":2,"indentSize":2,"insertSpaces":true,"cursorStyle":1,"lineNumbers":1}
rohithkalithkar/static/style.css: Using EditorConfig core...
rohithkalithkar/static/style.css: Using EditorConfig core...
static/style.css: Target charset is not set
rohithkalithkar/static/style.css: {"tabSize":2,"indentSize":2,"insertSpaces":true,"cursorStyle":1,"lineNumbers":1}
rohithkalithkar/static/style.css: {"tabSize":2,"indentSize":2,"insertSpaces":true,"cursorStyle":1,"lineNumbers":1}
rohithkalithkar/static/style.css: Using EditorConfig core...
rohithkalithkar/static/style.css: Using EditorConfig core...
static/style.css: Target charset is not set
rohithkalithkar/static/style.css: {"tabSize":2,"indentSize":2,"insertSpaces":true,"cursorStyle":1,"lineNumbers":1}
rohithkalithkar/static/style.css: Using EditorConfig core...
rohithkalithkar/static/style.css: Using EditorConfig core...
static/style.css: Target charset is not set
rohithkalithkar/static/style.css: {"tabSize":2,"indentSize":2,"insertSpaces":true,"cursorStyle":1,"lineNumbers":1}
rohithkalithkar/app.py: {"tabSize":4,"indentSize":4,"insertSpaces":true,"cursorStyle":1,"lineNumbers":1}
rohithkalithkar/app.py: Using EditorConfig core...
app.py: Target charset is not set
rohithkalithkar/app.py: {"tabSize":4,"indentSize":4,"insertSpaces":true,"cursorStyle":1,"lineNumbers":1}
rohithkalithkar/app.py: {"tabSize":4,"indentSize":4,"insertSpaces":true,"cursorStyle":1,"lineNumbers":1}
rohithkalithkar/app.py: Using EditorConfig core...
rohithkalithkar/app.py: Using EditorConfig core...
app.py: Target charset is not set
rohithkalithkar/app.py: {"tabSize":4,"indentSize":4,"insertSpaces":true,"cursorStyle":1,"lineNumbers":1}
rohithkalithkar/app.py: Using EditorConfig core...
rohithkalithkar/app.py: Using EditorConfig core...
app.py: Target charset is not set
rohithkalithkar/app.py: {"tabSize":4,"indentSize":4,"insertSpaces":true,"cursorStyle":1,"lineNumbers":1}
rohithkalithkar/app.py: {"tabSize":4,"indentSize":4,"insertSpaces":true,"cursorStyle":1,"lineNumbers":1}
rohithkalithkar/templates/index.html: {}
rohithkalithkar/templates/index.html: {"tabSize":2,"indentSize":2,"insertSpaces":true,"cursorStyle":1,"lineNumbers":1}
rohithkalithkar/templates/index.html: Using EditorConfig core...
templates/index.html: Target charset is not set
rohithkalithkar/templates/index.html: {"tabSize":2,"indentSize":2,"insertSpaces":true,"cursorStyle":1,"lineNumbers":1}
rohithkalithkar/templates/index.html: {"tabSize":2,"indentSize":2,"insertSpaces":true,"cursorStyle":1,"lineNumbers":1}
rohithkalithkar/templates/index.html: Using EditorConfig core...
rohithkalithkar/templates/index.html: Using EditorConfig core...
templates/index.html: Target charset is not set
rohithkalithkar/templates/index.html: {"tabSize":2,"indentSize":2,"insertSpaces":true,"cursorStyle":1,"lineNumbers":1}
rohithkalithkar/templates/index.html: Using EditorConfig core...
rohithkalithkar/templates/index.html: Using EditorConfig core...
templates/index.html: Target charset is not set
rohithkalithkar/templates/index.html: {"tabSize":2,"indentSize":2,"insertSpaces":true,"cursorStyle":1,"lineNumbers":1}
rohithkalithkar/static/style.css: {"tabSize":2,"indentSize":2,"insertSpaces":true,"cursorStyle":1,"lineNumbers":1}
rohithkalithkar/static/style.css: Using EditorConfig core...
static/style.css: Target charset is not set
rohithkalithkar/static/style.css: Using EditorConfig core...
rohithkalithkar/static/style.css: Using EditorConfig core...
static/style.css: Target charset is not set
rohithkalithkar/static/style.css: {"tabSize":2,"indentSize":2,"insertSpaces":true,"cursorStyle":1,"lineNumbers":1}
rohithkalithkar/static/style.css: Using EditorConfig core...
rohithkalithkar/static/style.css: Using EditorConfig core...
static/style.css: Target charset is not set
rohithkalithkar/app.py: {"tabSize":4,"indentSize":4,"insertSpaces":true,"cursorStyle":1,"lineNumbers":1}
rohithkalithkar/app.py: Using EditorConfig core...
rohithkalithkar/app.py: {}
app.py: Target charset is not set
rohithkalithkar/app.py: Using EditorConfig core...
rohithkalithkar/app.py: Using EditorConfig core...
app.py: Target charset is not set
rohithkalithkar/app.py: {"tabSize":4,"indentSize":4,"insertSpaces":true,"cursorStyle":1,"lineNumbers":1}
rohithkalithkar/app.py: Using EditorConfig core...
rohithkalithkar/app.py: Using EditorConfig core...
app.py: Target charset is not set
rohithkalithkar/app.py: {"tabSize":4,"indentSize":4,"insertSpaces":true,"cursorStyle":1,"lineNumbers":1}
rohithkalithkar/app.py: {"tabSize":4,"indentSize":4,"insertSpaces":true,"cursorStyle":1,"lineNumbers":1}
rohithkalithkar/app.py: {"tabSize":4,"indentSize":4,"insertSpaces":true,"cursorStyle":1,"lineNumbers":1}
rohithkalithkar/app.py: {"tabSize":4,"indentSize":4,"insertSpaces":true,"cursorStyle":1,"lineNumbers":1}
rohithkalithkar/app.py: {"tabSize":4,"indentSize":4,"insertSpaces":true,"cursorStyle":1,"lineNumbers":1}
rohithkalithkar/app.py: {"tabSize":4,"indentSize":4,"insertSpaces":true,"cursorStyle":1,"lineNumbers":1}
rohithkalithkar/app.py: {"tabSize":4,"indentSize":4,"insertSpaces":true,"cursorStyle":1,"lineNumbers":1}
rohithkalithkar/app.py: {"tabSize":4,"indentSize":4,"insertSpaces":true,"cursorStyle":1,"lineNumbers":1}
rohithkalithkar/app.py: {"tabSize":4,"indentSize":4,"insertSpaces":true,"cursorStyle":1,"lineNumbers":1}
rohithkalithkar/app.py: {"tabSize":4,"indentSize":4,"insertSpaces":true,"cursorStyle":1,"lineNumbers":1}
rohithkalithkar/app.py: Using EditorConfig core...
rohithkalithkar/app.py: Using EditorConfig core...
app.py: Target charset is not set
rohithkalithkar/app.py: {"tabSize":4,"indentSize":4,"insertSpaces":true,"cursorStyle":1,"lineNumbers":1}
rohithkalithkar/app.py: Using EditorConfig core...
rohithkalithkar/app.py: Using EditorConfig core...
app.py: Target charset is not set
rohithkalithkar/templates/sports.html: {"tabSize":4,"indentSize":4,"insertSpaces":true,"cursorStyle":1,"lineNumbers":1}
rohithkalithkar/templates/sports.html: Using EditorConfig core...
templates/sports.html: Target charset is not set
rohithkalithkar/templates/sports.html: {"tabSize":4,"indentSize":4,"insertSpaces":true,"cursorStyle":1,"lineNumbers":1}
rohithkalithkar/templates/sports.html: Using EditorConfig core...
rohithkalithkar/templates/sports.html: Using EditorConfig core...
templates/sports.html: Target charset is not set
rohithkalithkar/templates/index.html: {"tabSize":2,"indentSize":2,"insertSpaces":true,"cursorStyle":1,"lineNumbers":1}
rohithkalithkar/templates/index.html: Using EditorConfig core...
templates/index.html: Target charset is not set
rohithkalithkar/templates/index.html: Using EditorConfig core...
rohithkalithkar/templates/index.html: Using EditorConfig core...
templates/index.html: Target charset is not set
rohithkalithkar/templates/index.html: {"tabSize":2,"indentSize":2,"insertSpaces":true,"cursorStyle":1,"lineNumbers":1}
rohithkalithkar/templates/index.html: Using EditorConfig core...
rohithkalithkar/templates/index.html: Using EditorConfig core...
templates/index.html: Target charset is not set
rohithkalithkar/static/style.css: {"tabSize":2,"indentSize":2,"insertSpaces":true,"cursorStyle":1,"lineNumbers":1}
rohithkalithkar/static/style.css: Using EditorConfig core...
static/style.css: Target charset is not set
rohithkalithkar/static/style.css: {"tabSize":2,"indentSize":2,"insertSpaces":true,"cursorStyle":1,"lineNumbers":1}
rohithkalithkar/static/style.css: Using EditorConfig core...
rohithkalithkar/static/style.css: Using EditorConfig core...
static/style.css: Target charset is not set
rohithkalithkar/app.py: {"tabSize":4,"indentSize":4,"insertSpaces":true,"cursorStyle":1,"lineNumbers":1}
rohithkalithkar/app.py: Using EditorConfig core...
app.py: Target charset is not set
rohithkalithkar/app.py: {"tabSize":4,"indentSize":4,"insertSpaces":true,"cursorStyle":1,"lineNumbers":1}
rohithkalithkar/app.py: {"tabSize":4,"indentSize":4,"insertSpaces":true,"cursorStyle":1,"lineNumbers":1}
rohithkalithkar/app.py: {"tabSize":4,"indentSize":4,"insertSpaces":true,"cursorStyle":1,"lineNumbers":1}
rohithkalithkar/templates/sports.html: {"tabSize":4,"indentSize":4,"insertSpaces":true,"cursorStyle":1,"lineNumbers":1}
rohithkalithkar/templates/sports.html: Using EditorConfig core...
templates/sports.html: Target charset is not set
rohithkalithkar/templates/sports.html: {"tabSize":4,"indentSize":4,"insertSpaces":true,"cursorStyle":1,"lineNumbers":1}
rohithkalithkar/templates/sports.html: {"tabSize":4,"indentSize":4,"insertSpaces":true,"cursorStyle":1,"lineNumbers":1}
rohithkalithkar/templates/sports.html: Using EditorConfig core...
rohithkalithkar/templates/sports.html: Using EditorConfig core...
templates/sports.html: Target charset is not set
rohithkalithkar/templates/sports.html: Using EditorConfig core...
rohithkalithkar/templates/sports.html: Using EditorConfig core...
templates/sports.html: Target charset is not set
rohithkalithkar/templates/sports.html: {"tabSize":4,"indentSize":4,"insertSpaces":true,"cursorStyle":1,"lineNumbers":1}
rohithkalithkar/templates/sports.html: {"tabSize":4,"indentSize":4,"insertSpaces":true,"cursorStyle":1,"lineNumbers":1}
rohithkalithkar/templates/sports.html: {"tabSize":4,"indentSize":4,"insertSpaces":true,"cursorStyle":1,"lineNumbers":1}
rohithkalithkar/templates/sport.html: {"tabSize":4,"indentSize":4,"insertSpaces":true,"cursorStyle":1,"lineNumbers":1}
rohithkalithkar/templates/sport.html: Using EditorConfig core...
templates/sport.html: Target charset is not set
rohithkalithkar/templates/sport.html: {"tabSize":4,"indentSize":4,"insertSpaces":true,"cursorStyle":1,"lineNumbers":1}
rohithkalithkar/templates/sport.html: {"tabSize":4,"indentSize":4,"insertSpaces":true,"cursorStyle":1,"lineNumbers":1}
rohithkalithkar/app.py: {"tabSize":4,"indentSize":4,"insertSpaces":true,"cursorStyle":1,"lineNumbers":1}
rohithkalithkar/app.py: Using EditorConfig core...
rohithkalithkar/app.py: {}
app.py: Target charset is not set
rohithkalithkar/app.py: {"tabSize":4,"indentSize":4,"insertSpaces":true,"cursorStyle":1,"lineNumbers":1}
rohithkalithkar/app.py: Using EditorConfig core...
rohithkalithkar/app.py: Using EditorConfig core...
app.py: Target charset is not set
rohithkalithkar/app.py: Using EditorConfig core...
rohithkalithkar/app.py: Using EditorConfig core...
app.py: Target charset is not set
rohithkalithkar/templates/index.html: {"tabSize":2,"indentSize":2,"insertSpaces":true,"cursorStyle":1,"lineNumbers":1}
rohithkalithkar/templates/index.html: Using EditorConfig core...
templates/index.html: Target charset is not set
rohithkalithkar/templates/index.html: Using EditorConfig core...
rohithkalithkar/templates/index.html: Using EditorConfig core...
templates/index.html: Target charset is not set
rohithkalithkar/templates/index.html: {"tabSize":2,"indentSize":2,"insertSpaces":true,"cursorStyle":1,"lineNumbers":1}
rohithkalithkar/templates/index.html: Using EditorConfig core...
rohithkalithkar/templates/index.html: Using EditorConfig core...
templates/index.html: Target charset is not set
rohithkalithkar/templates/index.html: {"tabSize":2,"indentSize":2,"insertSpaces":true,"cursorStyle":1,"lineNumbers":1}
rohithkalithkar/templates/sport.html: {"tabSize":4,"indentSize":4,"insertSpaces":true,"cursorStyle":1,"lineNumbers":1}
rohithkalithkar/templates/sport.html: Using EditorConfig core...
templates/sport.html: Target charset is not set
rohithkalithkar/templates/sport.html: Using EditorConfig core...
rohithkalithkar/templates/sport.html: Using EditorConfig core...
templates/sport.html: Target charset is not set
rohithkalithkar/templates/sport.html: Using EditorConfig core...
rohithkalithkar/templates/sport.html: Using EditorConfig core...
templates/sport.html: Target charset is not set
rohithkalithkar/static/style.css: {}
rohithkalithkar/static/style.css: {"tabSize":2,"indentSize":2,"insertSpaces":true,"cursorStyle":1,"lineNumbers":1}
rohithkalithkar/static/style.css: Using EditorConfig core...
static/style.css: Target charset is not set
rohithkalithkar/static/style.css: Using EditorConfig core...
rohithkalithkar/static/style.css: Using EditorConfig core...
static/style.css: Target charset is not set
rohithkalithkar/static/style.css: Using EditorConfig core...
rohithkalithkar/static/style.css: Using EditorConfig core...
static/style.css: Target charset is not set
rohithkalithkar/static/style.css: Using EditorConfig core...
rohithkalithkar/static/style.css: Using EditorConfig core...
static/style.css: Target charset is not set
rohithkalithkar/static/style.css: {"tabSize":2,"indentSize":2,"insertSpaces":true,"cursorStyle":1,"lineNumbers":1}
rohithkalithkar/app.py: {"tabSize":4,"indentSize":4,"insertSpaces":true,"cursorStyle":1,"lineNumbers":1}
rohithkalithkar/app.py: Using EditorConfig core...
rohithkalithkar/app.py: {}
app.py: Target charset is not set
rohithkalithkar/app.py: {"tabSize":4,"indentSize":4,"insertSpaces":true,"cursorStyle":1,"lineNumbers":1}
rohithkalithkar/app.py: {"tabSize":4,"indentSize":4,"insertSpaces":true,"cursorStyle":1,"lineNumbers":1}
rohithkalithkar/app.py: Using EditorConfig core...
rohithkalithkar/app.py: Using EditorConfig core...
app.py: Target charset is not set
rohithkalithkar/app.py: {"tabSize":4,"indentSize":4,"insertSpaces":true,"cursorStyle":1,"lineNumbers":1}
rohithkalithkar/app.py: Using EditorConfig core...
rohithkalithkar/app.py: Using EditorConfig core...
app.py: Target charset is not set
rohithkalithkar/templates/index.html: {"tabSize":2,"indentSize":2,"insertSpaces":true,"cursorStyle":1,"lineNumbers":1}
rohithkalithkar/templates/index.html: Using EditorConfig core...
templates/index.html: Target charset is not set
rohithkalithkar/templates/index.html: Using EditorConfig core...
rohithkalithkar/templates/index.html: Using EditorConfig core...
templates/index.html: Target charset is not set
rohithkalithkar/templates/index.html: {"tabSize":2,"indentSize":2,"insertSpaces":true,"cursorStyle":1,"lineNumbers":1}
rohithkalithkar/templates/index.html: Using EditorConfig core...
rohithkalithkar/templates/index.html: Using EditorConfig core...
templates/index.html: Target charset is not set
rohithkalithkar/templates/sport.html: {"tabSize":4,"indentSize":4,"insertSpaces":true,"cursorStyle":1,"lineNumbers":1}
rohithkalithkar/templates/sport.html: Using EditorConfig core...
templates/sport.html: Target charset is not set
rohithkalithkar/templates/sport.html: Using EditorConfig core...
rohithkalithkar/templates/sport.html: Using EditorConfig core...
templates/sport.html: Target charset is not set
rohithkalithkar/templates/sport.html: {"tabSize":4,"indentSize":4,"insertSpaces":true,"cursorStyle":1,"lineNumbers":1}
rohithkalithkar/templates/sport.html: Using EditorConfig core...
rohithkalithkar/templates/sport.html: Using EditorConfig core...
templates/sport.html: Target charset is not set
rohithkalithkar/static/style.css: {"tabSize":2,"indentSize":2,"insertSpaces":true,"cursorStyle":1,"lineNumbers":1}
rohithkalithkar/static/style.css: Using EditorConfig core...
static/style.css: Target charset is not set
rohithkalithkar/static/style.css: {"tabSize":2,"indentSize":2,"insertSpaces":true,"cursorStyle":1,"lineNumbers":1}
rohithkalithkar/static/style.css: Using EditorConfig core...
rohithkalithkar/static/style.css: Using EditorConfig core...
static/style.css: Target charset is not set
rohithkalithkar/static/style.css: Using EditorConfig core...
rohithkalithkar/static/style.css: Using EditorConfig core...
static/style.css: Target charset is not set
rohithkalithkar/static/style.css: {"tabSize":2,"indentSize":2,"insertSpaces":true,"cursorStyle":1,"lineNumbers":1}
rohithkalithkar/app.py: {"tabSize":4,"indentSize":4,"insertSpaces":true,"cursorStyle":1,"lineNumbers":1}
rohithkalithkar/app.py: Using EditorConfig core...
rohithkalithkar/app.py: {}
app.py: Target charset is not set
rohithkalithkar/app.py: Using EditorConfig core...
rohithkalithkar/app.py: Using EditorConfig core...
app.py: Target charset is not set
rohithkalithkar/app.py: Using EditorConfig core...
rohithkalithkar/app.py: Using EditorConfig core...
app.py: Target charset is not set
rohithkalithkar/app.py: {"tabSize":4,"indentSize":4,"insertSpaces":true,"cursorStyle":1,"lineNumbers":1}
rohithkalithkar/app.py: Using EditorConfig core...
rohithkalithkar/app.py: Using EditorConfig core...
app.py: Target charset is not set
rohithkalithkar/static/style.css: {"tabSize":2,"indentSize":2,"insertSpaces":true,"cursorStyle":1,"lineNumbers":1}
rohithkalithkar/static/style.css: Using EditorConfig core...
static/style.css: Target charset is not set
rohithkalithkar/templates/sport.html: {"tabSize":4,"indentSize":4,"insertSpaces":true,"cursorStyle":1,"lineNumbers":1}
rohithkalithkar/templates/sport.html: Using EditorConfig core...
templates/sport.html: Target charset is not set
rohithkalithkar/templates/sport.html: {"tabSize":4,"indentSize":4,"insertSpaces":true,"cursorStyle":1,"lineNumbers":1}
rohithkalithkar/templates/sport.html: Using EditorConfig core...
rohithkalithkar/templates/sport.html: Using EditorConfig core...
templates/sport.html: Target charset is not set
rohithkalithkar/templates/sport.html: Using EditorConfig core...
rohithkalithkar/templates/sport.html: Using EditorConfig core...
templates/sport.html: Target charset is not set
rohithkalithkar/static/style.css: {"tabSize":2,"indentSize":2,"insertSpaces":true,"cursorStyle":1,"lineNumbers":1}
rohithkalithkar/static/style.css: Using EditorConfig core...
static/style.css: Target charset is not set
rohithkalithkar/static/style.css: {"tabSize":2,"indentSize":2,"insertSpaces":true,"cursorStyle":1,"lineNumbers":1}
rohithkalithkar/static/style.css: Using EditorConfig core...
rohithkalithkar/static/style.css: Using EditorConfig core...
static/style.css: Target charset is not set
rohithkalithkar/static/style.css: Using EditorConfig core...
rohithkalithkar/static/style.css: Using EditorConfig core...
static/style.css: Target charset is not set
rohithkalithkar/static/style.css: {"tabSize":2,"indentSize":2,"insertSpaces":true,"cursorStyle":1,"lineNumbers":1}
rohithkalithkar/static/style.css: {"tabSize":2,"indentSize":2,"insertSpaces":true,"cursorStyle":1,"lineNumbers":1}
rohithkalithkar/static/style.css: {"tabSize":2,"indentSize":2,"insertSpaces":true,"cursorStyle":1,"lineNumbers":1}
rohithkalithkar/app.py: {"tabSize":4,"indentSize":4,"insertSpaces":true,"cursorStyle":1,"lineNumbers":1}
rohithkalithkar/app.py: Using EditorConfig core...
rohithkalithkar/app.py: {}
app.py: Target charset is not set
rohithkalithkar/app.py: Using EditorConfig core...
rohithkalithkar/app.py: Using EditorConfig core...
app.py: Target charset is not set
rohithkalithkar/app.py: {"tabSize":4,"indentSize":4,"insertSpaces":true,"cursorStyle":1,"lineNumbers":1}
rohithkalithkar/app.py: Using EditorConfig core...
rohithkalithkar/app.py: Using EditorConfig core...
app.py: Target charset is not set
rohithkalithkar/static/style.css: {"tabSize":2,"indentSize":2,"insertSpaces":true,"cursorStyle":1,"lineNumbers":1}
rohithkalithkar/static/style.css: Using EditorConfig core...
static/style.css: Target charset is not set
rohithkalithkar/templates/index.html: {"tabSize":2,"indentSize":2,"insertSpaces":true,"cursorStyle":1,"lineNumbers":1}
rohithkalithkar/templates/index.html: Using EditorConfig core...
templates/index.html: Target charset is not set
rohithkalithkar/templates/index.html: {"tabSize":2,"indentSize":2,"insertSpaces":true,"cursorStyle":1,"lineNumbers":1}
rohithkalithkar/templates/index.html: Using EditorConfig core...
rohithkalithkar/templates/index.html: Using EditorConfig core...
templates/index.html: Target charset is not set
rohithkalithkar/templates/index.html: {"tabSize":2,"indentSize":2,"insertSpaces":true,"cursorStyle":1,"lineNumbers":1}
rohithkalithkar/templates/index.html: Using EditorConfig core...
rohithkalithkar/templates/index.html: Using EditorConfig core...
templates/index.html: Target charset is not set
rohithkalithkar/templates/sport.html: {"tabSize":4,"indentSize":4,"insertSpaces":true,"cursorStyle":1,"lineNumbers":1}
rohithkalithkar/templates/sport.html: Using EditorConfig core...
templates/sport.html: Target charset is not set
rohithkalithkar/templates/sport.html: Using EditorConfig core...
rohithkalithkar/templates/sport.html: Using EditorConfig core...
templates/sport.html: Target charset is not set
rohithkalithkar/templates/sport.html: {"tabSize":4,"indentSize":4,"insertSpaces":true,"cursorStyle":1,"lineNumbers":1}
rohithkalithkar/templates/sport.html: Using EditorConfig core...
rohithkalithkar/templates/sport.html: Using EditorConfig core...
templates/sport.html: Target charset is not set
rohithkalithkar/static/style.css: {}
rohithkalithkar/static/style.css: {"tabSize":2,"indentSize":2,"insertSpaces":true,"cursorStyle":1,"lineNumbers":1}
rohithkalithkar/static/style.css: Using EditorConfig core...
static/style.css: Target charset is not set
rohithkalithkar/static/style.css: Using EditorConfig core...
rohithkalithkar/static/style.css: Using EditorConfig core...
static/style.css: Target charset is not set
rohithkalithkar/static/style.css: {"tabSize":2,"indentSize":2,"insertSpaces":true,"cursorStyle":1,"lineNumbers":1}
rohithkalithkar/static/style.css: {"tabSize":2,"indentSize":2,"insertSpaces":true,"cursorStyle":1,"lineNumbers":1}
rohithkalithkar/static/style.css: {"tabSize":2,"indentSize":2,"insertSpaces":true,"cursorStyle":1,"lineNumbers":1}
rohithkalithkar/static/style.css: Using EditorConfig core...
rohithkalithkar/static/style.css: Using EditorConfig core...
static/style.css: Target charset is not set
rohithkalithkar/static/style.css: {"tabSize":2,"indentSize":2,"insertSpaces":true,"cursorStyle":1,"lineNumbers":1}
rohithkalithkar/templates/index.html: {"tabSize":2,"indentSize":2,"insertSpaces":true,"cursorStyle":1,"lineNumbers":1}
rohithkalithkar/templates/index.html: Using EditorConfig core...
templates/index.html: Target charset is not set
rohithkalithkar/templates/index.html: Using EditorConfig core...
rohithkalithkar/templates/index.html: Using EditorConfig core...
templates/index.html: Target charset is not set
rohithkalithkar/templates/index.html: Using EditorConfig core...
rohithkalithkar/templates/index.html: Using EditorConfig core...
templates/index.html: Target charset is not set
rohithkalithkar/templates/index.html: {"tabSize":2,"indentSize":2,"insertSpaces":true,"cursorStyle":1,"lineNumbers":1}
rohithkalithkar/templates/index.html: {"tabSize":2,"indentSize":2,"insertSpaces":true,"cursorStyle":1,"lineNumbers":1}
rohithkalithkar/templates/index.html: {"tabSize":2,"indentSize":2,"insertSpaces":true,"cursorStyle":1,"lineNumbers":1}
rohithkalithkar/static/style.css: {}
rohithkalithkar/static/style.css: {"tabSize":2,"indentSize":2,"insertSpaces":true,"cursorStyle":1,"lineNumbers":1}
rohithkalithkar/static/style.css: Using EditorConfig core...
static/style.css: Target charset is not set
rohithkalithkar/static/style.css: Using EditorConfig core...
rohithkalithkar/static/style.css: Using EditorConfig core...
static/style.css: Target charset is not set
rohithkalithkar/static/style.css: {"tabSize":2,"indentSize":2,"insertSpaces":true,"cursorStyle":1,"lineNumbers":1}
rohithkalithkar/static/style.css: Using EditorConfig core...
rohithkalithkar/static/style.css: Using EditorConfig core...
static/style.css: Target charset is not set
rohithkalithkar/static/style.css: Using EditorConfig core...
rohithkalithkar/static/style.css: Using EditorConfig core...
static/style.css: Target charset is not set
rohithkalithkar/static/style.css: {"tabSize":2,"indentSize":2,"insertSpaces":true,"cursorStyle":1,"lineNumbers":1}
rohithkalithkar/static/style.css: Using EditorConfig core...
rohithkalithkar/static/style.css: Using EditorConfig core...
static/style.css: Target charset is not set
rohithkalithkar/templates/index.html: {"tabSize":2,"indentSize":2,"insertSpaces":true,"cursorStyle":1,"lineNumbers":1}
rohithkalithkar/templates/index.html: Using EditorConfig core...
templates/index.html: Target charset is not set
rohithkalithkar/templates/index.html: {"tabSize":2,"indentSize":2,"insertSpaces":true,"cursorStyle":1,"lineNumbers":1}
rohithkalithkar/templates/sport.html: {"tabSize":4,"indentSize":4,"insertSpaces":true,"cursorStyle":1,"lineNumbers":1}
rohithkalithkar/templates/sport.html: Using EditorConfig core...
templates/sport.html: Target charset is not set
rohithkalithkar/templates/sport.html: Using EditorConfig core...
rohithkalithkar/templates/sport.html: Using EditorConfig core...
templates/sport.html: Target charset is not set
rohithkalithkar/templates/sport.html: {"tabSize":4,"indentSize":4,"insertSpaces":true,"cursorStyle":1,"lineNumbers":1}
rohithkalithkar/app.py: {"tabSize":4,"indentSize":4,"insertSpaces":true,"cursorStyle":1,"lineNumbers":1}
rohithkalithkar/app.py: Using EditorConfig core...
rohithkalithkar/app.py: {}
app.py: Target charset is not set
rohithkalithkar/static/style.css: {"tabSize":2,"indentSize":2,"insertSpaces":true,"cursorStyle":1,"lineNumbers":1}
rohithkalithkar/static/style.css: Using EditorConfig core...
static/style.css: Target charset is not set
rohithkalithkar/static/style.css: {"tabSize":2,"indentSize":2,"insertSpaces":true,"cursorStyle":1,"lineNumbers":1}
rohithkalithkar/static/style.css: {"tabSize":2,"indentSize":2,"insertSpaces":true,"cursorStyle":1,"lineNumbers":1}
rohithkalithkar/static/style.css: {"tabSize":2,"indentSize":2,"insertSpaces":true,"cursorStyle":1,"lineNumbers":1}
rohithkalithkar/static/style.css: {"tabSize":2,"indentSize":2,"insertSpaces":true,"cursorStyle":1,"lineNumbers":1}
rohithkalithkar/static/style.css: {"tabSize":2,"indentSize":2,"insertSpaces":true,"cursorStyle":1,"lineNumbers":1}
rohithkalithkar/static/style.css: {"tabSize":2,"indentSize":2,"insertSpaces":true,"cursorStyle":1,"lineNumbers":1}
rohithkalithkar/static/style.css: {"tabSize":2,"indentSize":2,"insertSpaces":true,"cursorStyle":1,"lineNumbers":1}
rohithkalithkar/static/style.css: {"tabSize":2,"indentSize":2,"insertSpaces":true,"cursorStyle":1,"lineNumbers":1}
rohithkalithkar/static/style.css: {"tabSize":2,"indentSize":2,"insertSpaces":true,"cursorStyle":1,"lineNumbers":1}
rohithkalithkar/static/style.css: {"tabSize":2,"indentSize":2,"insertSpaces":true,"cursorStyle":1,"lineNumbers":1}
rohithkalithkar/static/style.css: {"tabSize":2,"indentSize":2,"insertSpaces":true,"cursorStyle":1,"lineNumbers":1}
rohithkalithkar/app.py: {"tabSize":4,"indentSize":4,"insertSpaces":true,"cursorStyle":1,"lineNumbers":1}
rohithkalithkar/app.py: Using EditorConfig core...
rohithkalithkar/app.py: {}
app.py: Target charset is not set
rohithkalithkar/app.py: {"tabSize":4,"indentSize":4,"insertSpaces":true,"cursorStyle":1,"lineNumbers":1}
rohithkalithkar/app.py: {"tabSize":4,"indentSize":4,"insertSpaces":true,"cursorStyle":1,"lineNumbers":1}
rohithkalithkar/app.py: {"tabSize":4,"indentSize":4,"insertSpaces":true,"cursorStyle":1,"lineNumbers":1}
rohithkalithkar/app.py: Using EditorConfig core...
rohithkalithkar/app.py: Using EditorConfig core...
app.py: Target charset is not set
rohithkalithkar/app.py: {"tabSize":4,"indentSize":4,"insertSpaces":true,"cursorStyle":1,"lineNumbers":1}
rohithkalithkar/app.py: Using EditorConfig core...
rohithkalithkar/app.py: Using EditorConfig core...
app.py: Target charset is not set
rohithkalithkar/templates/index.html: {"tabSize":2,"indentSize":2,"insertSpaces":true,"cursorStyle":1,"lineNumbers":1}
rohithkalithkar/templates/index.html: Using EditorConfig core...
templates/index.html: Target charset is not set
rohithkalithkar/templates/index.html: {"tabSize":2,"indentSize":2,"insertSpaces":true,"cursorStyle":1,"lineNumbers":1}
rohithkalithkar/templates/index.html: Using EditorConfig core...
rohithkalithkar/templates/index.html: Using EditorConfig core...
templates/index.html: Target charset is not set
rohithkalithkar/templates/index.html: Using EditorConfig core...
rohithkalithkar/templates/index.html: Using EditorConfig core...
templates/index.html: Target charset is not set
rohithkalithkar/templates/index.html: {"tabSize":2,"indentSize":2,"insertSpaces":true,"cursorStyle":1,"lineNumbers":1}
rohithkalithkar/templates/admin.html: {"tabSize":4,"indentSize":4,"insertSpaces":true,"cursorStyle":1,"lineNumbers":1}
rohithkalithkar/templates/admin.html: Using EditorConfig core...
templates/admin.html: Target charset is not set
rohithkalithkar/templates/admin.html: Using EditorConfig core...
rohithkalithkar/templates/admin.html: Using EditorConfig core...
templates/admin.html: Target charset is not set
rohithkalithkar/static/style.css: {"tabSize":2,"indentSize":2,"insertSpaces":true,"cursorStyle":1,"lineNumbers":1}
rohithkalithkar/static/style.css: Using EditorConfig core...
static/style.css: Target charset is not set
rohithkalithkar/static/style.css: {"tabSize":2,"indentSize":2,"insertSpaces":true,"cursorStyle":1,"lineNumbers":1}
rohithkalithkar/static/style.css: Using EditorConfig core...
rohithkalithkar/static/style.css: Using EditorConfig core...
static/style.css: Target charset is not set
rohithkalithkar/static/style.css: {"tabSize":2,"indentSize":2,"insertSpaces":true,"cursorStyle":1,"lineNumbers":1}
rohithkalithkar/static/style.css: {"tabSize":2,"indentSize":2,"insertSpaces":true,"cursorStyle":1,"lineNumbers":1}
rohithkalithkar/static/style.css: Using EditorConfig core...
rohithkalithkar/static/style.css: Using EditorConfig core...
static/style.css: Target charset is not set
rohithkalithkar/static/style.css: Using EditorConfig core...
rohithkalithkar/static/style.css: Using EditorConfig core...
static/style.css: Target charset is not set
rohithkalithkar/static/style.css: {"tabSize":2,"indentSize":2,"insertSpaces":true,"cursorStyle":1,"lineNumbers":1}
rohithkalithkar/templates/admin.html: {"tabSize":4,"indentSize":4,"insertSpaces":true,"cursorStyle":1,"lineNumbers":1}
rohithkalithkar/templates/admin.html: Using EditorConfig core...
templates/admin.html: Target charset is not set
rohithkalithkar/templates/index.html: {"tabSize":2,"indentSize":2,"insertSpaces":true,"cursorStyle":1,"lineNumbers":1}
rohithkalithkar/templates/index.html: Using EditorConfig core...
templates/index.html: Target charset is not set
rohithkalithkar/templates/index.html: Using EditorConfig core...
rohithkalithkar/templates/index.html: Using EditorConfig core...
templates/index.html: Target charset is not set
rohithkalithkar/static/style.css: {}
rohithkalithkar/static/style.css: {"tabSize":2,"indentSize":2,"insertSpaces":true,"cursorStyle":1,"lineNumbers":1}
rohithkalithkar/static/style.css: Using EditorConfig core...
static/style.css: Target charset is not set
rohithkalithkar/static/style.css: Using EditorConfig core...
rohithkalithkar/static/style.css: Using EditorConfig core...
static/style.css: Target charset is not set
rohithkalithkar/static/style.css: {"tabSize":2,"indentSize":2,"insertSpaces":true,"cursorStyle":1,"lineNumbers":1}
rohithkalithkar/static/style.css: {"tabSize":2,"indentSize":2,"insertSpaces":true,"cursorStyle":1,"lineNumbers":1}
rohithkalithkar/static/style.css: Using EditorConfig core...
rohithkalithkar/static/style.css: Using EditorConfig core...
static/style.css: Target charset is not set
rohithkalithkar/static/style.css: {"tabSize":2,"indentSize":2,"insertSpaces":true,"cursorStyle":1,"lineNumbers":1}
rohithkalithkar/static/style.css: {"tabSize":2,"indentSize":2,"insertSpaces":true,"cursorStyle":1,"lineNumbers":1}
rohithkalithkar/static/style.css: {"tabSize":2,"indentSize":2,"insertSpaces":true,"cursorStyle":1,"lineNumbers":1}
rohithkalithkar/templates/sport.html: {"tabSize":4,"indentSize":4,"insertSpaces":true,"cursorStyle":1,"lineNumbers":1}
rohithkalithkar/templates/sport.html: Using EditorConfig core...
templates/sport.html: Target charset is not set
rohithkalithkar/templates/sport.html: Using EditorConfig core...
rohithkalithkar/templates/sport.html: Using EditorConfig core...
templates/sport.html: Target charset is not set
rohithkalithkar/templates/sport.html: Using EditorConfig core...
rohithkalithkar/templates/sport.html: Using EditorConfig core...
templates/sport.html: Target charset is not set
rohithkalithkar/templates/sport.html: {"tabSize":4,"indentSize":4,"insertSpaces":true,"cursorStyle":1,"lineNumbers":1}
rohithkalithkar/templates/sport.html: Using EditorConfig core...
rohithkalithkar/templates/sport.html: Using EditorConfig core...
templates/sport.html: Target charset is not set
rohithkalithkar/templates/sport.html: {"tabSize":4,"indentSize":4,"insertSpaces":true,"cursorStyle":1,"lineNumbers":1}
rohithkalithkar/static/style.css: {}
rohithkalithkar/static/style.css: {"tabSize":2,"indentSize":2,"insertSpaces":true,"cursorStyle":1,"lineNumbers":1}
rohithkalithkar/static/style.css: Using EditorConfig core...
static/style.css: Target charset is not set
rohithkalithkar/static/style.css: Using EditorConfig core...
rohithkalithkar/static/style.css: Using EditorConfig core...
static/style.css: Target charset is not set
rohithkalithkar/static/style.css: {"tabSize":2,"indentSize":2,"insertSpaces":true,"cursorStyle":1,"lineNumbers":1}
rohithkalithkar/static/style.css: {"tabSize":2,"indentSize":2,"insertSpaces":true,"cursorStyle":1,"lineNumbers":1}
rohithkalithkar/templates/index.html: {"tabSize":2,"indentSize":2,"insertSpaces":true,"cursorStyle":1,"lineNumbers":1}
rohithkalithkar/templates/index.html: Using EditorConfig core...
templates/index.html: Target charset is not set
rohithkalithkar/templates/index.html: Using EditorConfig core...
rohithkalithkar/templates/index.html: Using EditorConfig core...
templates/index.html: Target charset is not set
rohithkalithkar/templates/index.html: {"tabSize":2,"indentSize":2,"insertSpaces":true,"cursorStyle":1,"lineNumbers":1}
rohithkalithkar/templates/index.html: {"tabSize":2,"indentSize":2,"insertSpaces":true,"cursorStyle":1,"lineNumbers":1}
rohithkalithkar/templates/index.html: {"tabSize":2,"indentSize":2,"insertSpaces":true,"cursorStyle":1,"lineNumbers":1}
rohithkalithkar/templates/index.html: {"tabSize":2,"indentSize":2,"insertSpaces":true,"cursorStyle":1,"lineNumbers":1}
rohithkalithkar/templates/index.html: {"tabSize":2,"indentSize":2,"insertSpaces":true,"cursorStyle":1,"lineNumbers":1}
rohithkalithkar/templates/index.html: {"tabSize":2,"indentSize":2,"insertSpaces":true,"cursorStyle":1,"lineNumbers":1}
rohithkalithkar/templates/index.html: Using EditorConfig core...
rohithkalithkar/templates/index.html: Using EditorConfig core...
templates/index.html: Target charset is not set
rohithkalithkar/templates/index.html: {"tabSize":2,"indentSize":2,"insertSpaces":true,"cursorStyle":1,"lineNumbers":1}
rohithkalithkar/templates/index.html: {"tabSize":2,"indentSize":2,"insertSpaces":true,"cursorStyle":1,"lineNumbers":1}
rohithkalithkar/templates/index.html: {"tabSize":2,"indentSize":2,"insertSpaces":true,"cursorStyle":1,"lineNumbers":1}
rohithkalithkar/templates/index.html: {"tabSize":2,"indentSize":2,"insertSpaces":true,"cursorStyle":1,"lineNumbers":1}
rohithkalithkar/templates/index.html: {"tabSize":2,"indentSize":2,"insertSpaces":true,"cursorStyle":1,"lineNumbers":1}
rohithkalithkar/templates/index.html: {"tabSize":2,"indentSize":2,"insertSpaces":true,"cursorStyle":1,"lineNumbers":1}
rohithkalithkar/templates/index.html: {"tabSize":2,"indentSize":2,"insertSpaces":true,"cursorStyle":1,"lineNumbers":1}
rohithkalithkar/templates/admin.html: {"tabSize":4,"indentSize":4,"insertSpaces":true,"cursorStyle":1,"lineNumbers":1}
rohithkalithkar/templates/admin.html: Using EditorConfig core...
templates/admin.html: Target charset is not set
rohithkalithkar/templates/admin.html: {"tabSize":4,"indentSize":4,"insertSpaces":true,"cursorStyle":1,"lineNumbers":1}
rohithkalithkar/static/style.css: {"tabSize":2,"indentSize":2,"insertSpaces":true,"cursorStyle":1,"lineNumbers":1}
rohithkalithkar/static/style.css: Using EditorConfig core...
static/style.css: Target charset is not set
rohithkalithkar/static/style.css: {"tabSize":2,"indentSize":2,"insertSpaces":true,"cursorStyle":1,"lineNumbers":1}
rohithkalithkar/static/style.css: {"tabSize":2,"indentSize":2,"insertSpaces":true,"cursorStyle":1,"lineNumbers":1}
rohithkalithkar/static/style.css: {"tabSize":2,"indentSize":2,"insertSpaces":true,"cursorStyle":1,"lineNumbers":1}
rohithkalithkar/app.py: {"tabSize":4,"indentSize":4,"insertSpaces":true,"cursorStyle":1,"lineNumbers":1}
rohithkalithkar/app.py: Using EditorConfig core...
app.py: Target charset is not set
