2026-08-16 12:57:46.498 [warning] Dir "/home/rohithkalithkar/.pixi/envs" is not watchable (directory does not exist)
2026-08-16 12:57:52.913 [info] Skipping ActivatedEnv Detection:  process.env.VSCODE_CLI !== '1'
2026-08-16 12:57:53.011 [info] > conda info --json
2026-08-16 12:57:53.016 [info] Python interpreter path: /bin/python
2026-08-16 12:57:54.972 [info] > pyenv which python
2026-08-16 12:57:54.972 [info] cwd: .
2026-08-16 12:58:12.782 [info] Starting Jedi language server for rohithkalithkar.
2026-08-16 13:09:33.685 [info] Running installed packages checker:  {
  id: '/bin/python',
  sysPrefix: '/usr',
  envType: 'Global',
  envName: '',
  envPath: '',
  path: '/bin/python',
  architecture: 3,
  sysVersion: '3.12.3 (main, Jun 19 2026, 12:46:00) [GCC 13.3.0]',
  version: {
    raw: '3.12.3',
    major: 3,
    minor: 12,
    patch: 3,
    build: [],
    prerelease: [ 'final', '0' ]
  },
  displayName: 'Python 3.12.3 64-bit',
  detailedDisplayName: 'Python 3.12.3 64-bit',
  type: undefined
} /google/devshell/editor/code-oss-for-cloud-shell/extensions/ms-python.python/python_files/installed_check.py /home/rohithkalithkar/requirements.txt
2026-08-16 13:09:33.685 [info] > /bin/python /google/devshell/editor/code-oss-for-cloud-shell/extensions/ms-python.python/python_files/installed_check.py ./requirements.txt
